Component: ARM Compiler 5.06 update 6 (build 750) Tool: armlink [4d35ed]

==============================================================================

Section Cross References

    startup_stm32f103xb.o(RESET) refers to startup_stm32f103xb.o(STACK) for __initial_sp
    startup_stm32f103xb.o(RESET) refers to startup_stm32f103xb.o(.text) for Reset_Handler
    startup_stm32f103xb.o(RESET) refers to stm32f1xx_it.o(i.NMI_Handler) for NMI_Handler
    startup_stm32f103xb.o(RESET) refers to stm32f1xx_it.o(i.HardFault_Handler) for HardFault_Handler
    startup_stm32f103xb.o(RESET) refers to stm32f1xx_it.o(i.MemManage_Handler) for MemManage_Handler
    startup_stm32f103xb.o(RESET) refers to stm32f1xx_it.o(i.BusFault_Handler) for BusFault_Handler
    startup_stm32f103xb.o(RESET) refers to stm32f1xx_it.o(i.UsageFault_Handler) for UsageFault_Handler
    startup_stm32f103xb.o(RESET) refers to stm32f1xx_it.o(i.SVC_Handler) for SVC_Handler
    startup_stm32f103xb.o(RESET) refers to stm32f1xx_it.o(i.DebugMon_Handler) for DebugMon_Handler
    startup_stm32f103xb.o(RESET) refers to stm32f1xx_it.o(i.PendSV_Handler) for PendSV_Handler
    startup_stm32f103xb.o(RESET) refers to stm32f1xx_it.o(i.SysTick_Handler) for SysTick_Handler
    startup_stm32f103xb.o(RESET) refers to stm32f1xx_it.o(i.DMA1_Channel3_IRQHandler) for DMA1_Channel3_IRQHandler
    startup_stm32f103xb.o(.text) refers to system_stm32f1xx.o(i.SystemInit) for SystemInit
    startup_stm32f103xb.o(.text) refers to entry.o(.ARM.Collect$$$$00000000) for __main
    nrf24l01.o(i.NRF24L01_Check) refers to malloc.o(i.malloc) for malloc
    nrf24l01.o(i.NRF24L01_Check) refers to stm32f1xx_hal_gpio.o(i.HAL_GPIO_WritePin) for HAL_GPIO_WritePin
    nrf24l01.o(i.NRF24L01_Check) refers to nrf24l01.o(i.nrf24l01_write_buf) for nrf24l01_write_buf
    nrf24l01.o(i.NRF24L01_Check) refers to nrf24l01.o(i.nrf24l01_read_buf) for nrf24l01_read_buf
    nrf24l01.o(i.NRF24L01_Check) refers to malloc.o(i.free) for free
    nrf24l01.o(i.NRF24L01_Config) refers to memcpya.o(.text) for __aeabi_memcpy4
    nrf24l01.o(i.NRF24L01_Config) refers to nrf24l01.o(i.NRF24L01_Check) for NRF24L01_Check
    nrf24l01.o(i.NRF24L01_Config) refers to stm32f1xx_hal_gpio.o(i.HAL_GPIO_WritePin) for HAL_GPIO_WritePin
    nrf24l01.o(i.NRF24L01_Config) refers to nrf24l01.o(i.nrf24l01_write_reg) for nrf24l01_write_reg
    nrf24l01.o(i.NRF24L01_Config) refers to nrf24l01.o(i.NRF24L01_Switch2_Rx) for NRF24L01_Switch2_Rx
    nrf24l01.o(i.NRF24L01_Config) refers to nrf24l01.o(i.NRF24L01_Switch2_Tx) for NRF24L01_Switch2_Tx
    nrf24l01.o(i.NRF24L01_Config) refers to nrf24l01.o(i.NRF24L01_Get_Instance) for NRF24L01_Get_Instance
    nrf24l01.o(i.NRF24L01_Get_Instance) refers to nrf24l01.o(i.nrf24l01_read_reg) for nrf24l01_read_reg
    nrf24l01.o(i.NRF24L01_Get_Instance) refers to nrf24l01.o(i.nrf24l01_read_buf) for nrf24l01_read_buf
    nrf24l01.o(i.NRF24L01_Init) refers to memseta.o(.text) for __aeabi_memclr4
    nrf24l01.o(i.NRF24L01_Init) refers to nrf24l01.o(i.NRF24L01_Config) for NRF24L01_Config
    nrf24l01.o(i.NRF24L01_Init) refers to spi.o(.bss) for hspi2
    nrf24l01.o(i.NRF24L01_Init) refers to nrf24l01.o(.bss) for .bss
    nrf24l01.o(i.NRF24L01_Init) refers to nrf24l01.o(.data) for .data
    nrf24l01.o(i.NRF24L01_Recieve) refers to stm32f1xx_hal.o(i.HAL_GetTick) for HAL_GetTick
    nrf24l01.o(i.NRF24L01_Recieve) refers to stm32f1xx_hal_gpio.o(i.HAL_GPIO_WritePin) for HAL_GPIO_WritePin
    nrf24l01.o(i.NRF24L01_Recieve) refers to nrf24l01.o(i.nrf24l01_read_reg) for nrf24l01_read_reg
    nrf24l01.o(i.NRF24L01_Recieve) refers to nrf24l01.o(i.nrf24l01_write_reg) for nrf24l01_write_reg
    nrf24l01.o(i.NRF24L01_Recieve) refers to nrf24l01.o(i.nrf24l01_read_buf) for nrf24l01_read_buf
    nrf24l01.o(i.NRF24L01_Recieve_IT) refers to nrf24l01.o(i.nrf24l01_write_buf) for nrf24l01_write_buf
    nrf24l01.o(i.NRF24L01_Recieve_IT) refers to stm32f1xx_hal_gpio.o(i.HAL_GPIO_WritePin) for HAL_GPIO_WritePin
    nrf24l01.o(i.NRF24L01_Switch2_Rx) refers to stm32f1xx_hal_gpio.o(i.HAL_GPIO_WritePin) for HAL_GPIO_WritePin
    nrf24l01.o(i.NRF24L01_Switch2_Rx) refers to nrf24l01.o(i.nrf24l01_write_reg) for nrf24l01_write_reg
    nrf24l01.o(i.NRF24L01_Switch2_Rx) refers to nrf24l01.o(i.nrf24l01_write_buf) for nrf24l01_write_buf
    nrf24l01.o(i.NRF24L01_Switch2_Tx) refers to stm32f1xx_hal_gpio.o(i.HAL_GPIO_WritePin) for HAL_GPIO_WritePin
    nrf24l01.o(i.NRF24L01_Switch2_Tx) refers to nrf24l01.o(i.nrf24l01_write_reg) for nrf24l01_write_reg
    nrf24l01.o(i.NRF24L01_Switch2_Tx) refers to nrf24l01.o(i.nrf24l01_write_buf) for nrf24l01_write_buf
    nrf24l01.o(i.NRF24L01_Transmit) refers to stm32f1xx_hal.o(i.HAL_GetTick) for HAL_GetTick
    nrf24l01.o(i.NRF24L01_Transmit) refers to nrf24l01.o(i.nrf24l01_write_buf) for nrf24l01_write_buf
    nrf24l01.o(i.NRF24L01_Transmit) refers to stm32f1xx_hal_gpio.o(i.HAL_GPIO_WritePin) for HAL_GPIO_WritePin
[...]
    Removing stm32f1xx_hal_tim.o(i.HAL_TIM_PeriodElapsedCallback), (2 bytes).
    Removing stm32f1xx_hal_tim.o(i.HAL_TIM_PeriodElapsedHalfCpltCallback), (2 bytes).
    Removing stm32f1xx_hal_tim.o(i.HAL_TIM_ReadCapturedValue), (42 bytes).
    Removing stm32f1xx_hal_tim.o(i.HAL_TIM_SlaveConfigSynchro), (86 bytes).
    Removing stm32f1xx_hal_tim.o(i.HAL_TIM_SlaveConfigSynchro_IT), (86 bytes).
    Removing stm32f1xx_hal_tim.o(i.HAL_TIM_TriggerCallback), (2 bytes).
    Removing stm32f1xx_hal_tim.o(i.HAL_TIM_TriggerHalfCpltCallback), (2 bytes).
    Removing stm32f1xx_hal_tim.o(i.TIM_DMACaptureCplt), (62 bytes).
    Removing stm32f1xx_hal_tim.o(i.TIM_DMACaptureHalfCplt), (62 bytes).
    Removing stm32f1xx_hal_tim.o(i.TIM_DMAPeriodElapsedCplt), (16 bytes).
    Removing stm32f1xx_hal_tim.o(i.TIM_DMAPeriodElapsedHalfCplt), (16 bytes).
    Removing stm32f1xx_hal_tim.o(i.TIM_DMATriggerCplt), (16 bytes).
    Removing stm32f1xx_hal_tim.o(i.TIM_DMATriggerHalfCplt), (16 bytes).
    Removing stm32f1xx_hal_tim.o(i.TIM_SlaveTimer_SetConfig), (134 bytes).
    Removing stm32f1xx_hal_tim.o(i.TIM_TI1_SetConfig), (88 bytes).
    Removing stm32f1xx_hal_tim.o(i.TIM_TI2_SetConfig), (54 bytes).
    Removing stm32f1xx_hal_tim_ex.o(.rev16_text), (4 bytes).
    Removing stm32f1xx_hal_tim_ex.o(.revsh_text), (4 bytes).
    Removing stm32f1xx_hal_tim_ex.o(.rrx_text), (6 bytes).
    Removing stm32f1xx_hal_tim_ex.o(i.HAL_TIMEx_BreakCallback), (2 bytes).
    Removing stm32f1xx_hal_tim_ex.o(i.HAL_TIMEx_CommutCallback), (2 bytes).
    Removing stm32f1xx_hal_tim_ex.o(i.HAL_TIMEx_CommutHalfCpltCallback), (2 bytes).
    Removing stm32f1xx_hal_tim_ex.o(i.HAL_TIMEx_ConfigCommutEvent), (112 bytes).
    Removing stm32f1xx_hal_tim_ex.o(i.HAL_TIMEx_ConfigCommutEvent_DMA), (144 bytes).
    Removing stm32f1xx_hal_tim_ex.o(i.HAL_TIMEx_ConfigCommutEvent_IT), (112 bytes).
    Removing stm32f1xx_hal_tim_ex.o(i.HAL_TIMEx_HallSensor_DeInit), (56 bytes).
    Removing stm32f1xx_hal_tim_ex.o(i.HAL_TIMEx_HallSensor_GetState), (6 bytes).
    Removing stm32f1xx_hal_tim_ex.o(i.HAL_TIMEx_HallSensor_Init), (188 bytes).
    Removing stm32f1xx_hal_tim_ex.o(i.HAL_TIMEx_HallSensor_MspDeInit), (2 bytes).
    Removing stm32f1xx_hal_tim_ex.o(i.HAL_TIMEx_HallSensor_MspInit), (2 bytes).
    Removing stm32f1xx_hal_tim_ex.o(i.HAL_TIMEx_HallSensor_Start), (38 bytes).
    Removing stm32f1xx_hal_tim_ex.o(i.HAL_TIMEx_HallSensor_Start_DMA), (128 bytes).
    Removing stm32f1xx_hal_tim_ex.o(i.HAL_TIMEx_HallSensor_Start_IT), (48 bytes).
    Removing stm32f1xx_hal_tim_ex.o(i.HAL_TIMEx_HallSensor_Stop), (46 bytes).
    Removing stm32f1xx_hal_tim_ex.o(i.HAL_TIMEx_HallSensor_Stop_DMA), (62 bytes).
    Removing stm32f1xx_hal_tim_ex.o(i.HAL_TIMEx_HallSensor_Stop_IT), (56 bytes).
    Removing stm32f1xx_hal_tim_ex.o(i.HAL_TIMEx_OCN_Start), (46 bytes).
    Removing stm32f1xx_hal_tim_ex.o(i.HAL_TIMEx_OCN_Start_DMA), (228 bytes).
    Removing stm32f1xx_hal_tim_ex.o(i.HAL_TIMEx_OCN_Start_IT), (94 bytes).
    Removing stm32f1xx_hal_tim_ex.o(i.HAL_TIMEx_OCN_Stop), (68 bytes).
    Removing stm32f1xx_hal_tim_ex.o(i.HAL_TIMEx_OCN_Stop_DMA), (130 bytes).
    Removing stm32f1xx_hal_tim_ex.o(i.HAL_TIMEx_OCN_Stop_IT), (122 bytes).
    Removing stm32f1xx_hal_tim_ex.o(i.HAL_TIMEx_OnePulseN_Start), (26 bytes).
    Removing stm32f1xx_hal_tim_ex.o(i.HAL_TIMEx_OnePulseN_Start_IT), (46 bytes).
    Removing stm32f1xx_hal_tim_ex.o(i.HAL_TIMEx_OnePulseN_Stop), (68 bytes).
    Removing stm32f1xx_hal_tim_ex.o(i.HAL_TIMEx_OnePulseN_Stop_IT), (88 bytes).
    Removing stm32f1xx_hal_tim_ex.o(i.HAL_TIMEx_PWMN_Start), (46 bytes).
    Removing stm32f1xx_hal_tim_ex.o(i.HAL_TIMEx_PWMN_Start_DMA), (228 bytes).
    Removing stm32f1xx_hal_tim_ex.o(i.HAL_TIMEx_PWMN_Start_IT), (94 bytes).
    Removing stm32f1xx_hal_tim_ex.o(i.HAL_TIMEx_PWMN_Stop), (68 bytes).
    Removing stm32f1xx_hal_tim_ex.o(i.HAL_TIMEx_PWMN_Stop_DMA), (130 bytes).
    Removing stm32f1xx_hal_tim_ex.o(i.HAL_TIMEx_PWMN_Stop_IT), (122 bytes).
    Removing stm32f1xx_hal_tim_ex.o(i.HAL_TIMEx_RemapConfig), (4 bytes).
    Removing stm32f1xx_hal_tim_ex.o(i.TIMEx_DMACommutationCplt), (16 bytes).
    Removing stm32f1xx_hal_tim_ex.o(i.TIMEx_DMACommutationHalfCplt), (16 bytes).
    Removing stm32f1xx_hal_tim_ex.o(i.TIM_CCxNChannelCmd), (26 bytes).

501 unused section(s) (total 38170 bytes) removed from the image.

==============================================================================

Image Symbol Table

    Local Symbols

    Symbol Name                              Value     Ov Type        Size  Object(Section)

    ../Drivers/STM32F1xx_HAL_Driver/Src/stm32f1xx_hal.c 0x00000000   Number         0  stm32f1xx_hal.o ABSOLUTE
    ../Drivers/STM32F1xx_HAL_Driver/Src/stm32f1xx_hal_adc.c 0x00000000   Number         0  stm32f1xx_hal_adc.o ABSOLUTE
    ../Drivers/STM32F1xx_HAL_Driver/Src/stm32f1xx_hal_adc_ex.c 0x00000000   Number         0  stm32f1xx_hal_adc_ex.o ABSOLUTE
    ../Drivers/STM32F1xx_HAL_Driver/Src/stm32f1xx_hal_cortex.c 0x00000000   Number         0  stm32f1xx_hal_cortex.o ABSOLUTE
    ../Drivers/STM32F1xx_HAL_Driver/Src/stm32f1xx_hal_dma.c 0x00000000   Number         0  stm32f1xx_hal_dma.o ABSOLUTE
    ../Drivers/STM32F1xx_HAL_Driver/Src/stm32f1xx_hal_exti.c 0x00000000   Number         0  stm32f1xx_hal_exti.o ABSOLUTE
    ../Drivers/STM32F1xx_HAL_Driver/Src/stm32f1xx_hal_flash.c 0x00000000   Number         0  stm32f1xx_hal_flash.o ABSOLUTE
    ../Drivers/STM32F1xx_HAL_Driver/Src/stm32f1xx_hal_flash_ex.c 0x00000000   Number         0  stm32f1xx_hal_flash_ex.o ABSOLUTE
    ../Drivers/STM32F1xx_HAL_Driver/Src/stm32f1xx_hal_gpio.c 0x00000000   Number         0  stm32f1xx_hal_gpio.o ABSOLUTE
    ../Drivers/STM32F1xx_HAL_Driver/Src/stm32f1xx_hal_gpio_ex.c 0x00000000   Number         0  stm32f1xx_hal_gpio_ex.o ABSOLUTE
    ../Drivers/STM32F1xx_HAL_Driver/Src/stm32f1xx_hal_i2c.c 0x00000000   Number         0  stm32f1xx_hal_i2c.o ABSOLUTE
    ../Drivers/STM32F1xx_HAL_Driver/Src/stm32f1xx_hal_pwr.c 0x00000000   Number         0  stm32f1xx_hal_pwr.o ABSOLUTE
    ../Drivers/STM32F1xx_HAL_Driver/Src/stm32f1xx_hal_rcc.c 0x00000000   Number         0  stm32f1xx_hal_rcc.o ABSOLUTE
    ../Drivers/STM32F1xx_HAL_Driver/Src/stm32f1xx_hal_rcc_ex.c 0x00000000   Number         0  stm32f1xx_hal_rcc_ex.o ABSOLUTE
    ../Drivers/STM32F1xx_HAL_Driver/Src/stm32f1xx_hal_spi.c 0x00000000   Number         0  stm32f1xx_hal_spi.o ABSOLUTE
    ../Drivers/STM32F1xx_HAL_Driver/Src/stm32f1xx_hal_tim.c 0x00000000   Number         0  stm32f1xx_hal_tim.o ABSOLUTE
    ../Drivers/STM32F1xx_HAL_Driver/Src/stm32f1xx_hal_tim_ex.c 0x00000000   Number         0  stm32f1xx_hal_tim_ex.o ABSOLUTE
    ../Src/adc.c                             0x00000000   Number         0  adc.o ABSOLUTE
    ../Src/dma.c                             0x00000000   Number         0  dma.o ABSOLUTE
    ../Src/gpio.c                            0x00000000   Number         0  gpio.o ABSOLUTE
    ../Src/i2c.c                             0x00000000   Number         0  i2c.o ABSOLUTE
    ../Src/main.c                            0x00000000   Number         0  main.o ABSOLUTE
    ../Src/spi.c                             0x00000000   Number         0  spi.o ABSOLUTE
    ../Src/stm32f1xx_hal_msp.c               0x00000000   Number         0  stm32f1xx_hal_msp.o ABSOLUTE
    ../Src/stm32f1xx_it.c                    0x00000000   Number         0  stm32f1xx_it.o ABSOLUTE
    ../Src/sys.c                             0x00000000   Number         0  sys.o ABSOLUTE
    ../Src/system_stm32f1xx.c                0x00000000   Number         0  system_stm32f1xx.o ABSOLUTE
    ../Src/tim.c                             0x00000000   Number         0  tim.o ABSOLUTE
    ../clib/../cmprslib/zerorunl2.c          0x00000000   Number         0  __dczerorl2.o ABSOLUTE
    ../clib/microlib/errno.c                 0x00000000   Number         0  errno.o ABSOLUTE
    ../clib/microlib/init/entry.s            0x00000000   Number         0  entry11b.o ABSOLUTE
    ../clib/microlib/init/entry.s            0x00000000   Number         0  entry11a.o ABSOLUTE
    ../clib/microlib/init/entry.s            0x00000000   Number         0  entry7b.o ABSOLUTE
    ../clib/microlib/init/entry.s            0x00000000   Number         0  entry.o ABSOLUTE
    ../clib/microlib/init/entry.s            0x00000000   Number         0  entry10b.o ABSOLUTE
    ../clib/microlib/init/entry.s            0x00000000   Number         0  entry10a.o ABSOLUTE
    ../clib/microlib/init/entry.s            0x00000000   Number         0  entry9b.o ABSOLUTE
    ../clib/microlib/init/entry.s            0x00000000   Number         0  entry2.o ABSOLUTE
    ../clib/microlib/init/entry.s            0x00000000   Number         0  entry9a.o ABSOLUTE
    ../clib/microlib/init/entry.s            0x00000000   Number         0  entry8a.o ABSOLUTE
    ../clib/microlib/init/entry.s            0x00000000   Number         0  entry5.o ABSOLUTE
    ../clib/microlib/init/entry.s            0x00000000   Number         0  entry8b.o ABSOLUTE
    ../clib/microlib/init/entry.s            0x00000000   Number         0  entry7a.o ABSOLUTE
    ../clib/microlib/longlong.c              0x00000000   Number         0  llushr.o ABSOLUTE
    ../clib/microlib/longlong.c              0x00000000   Number         0  llshl.o ABSOLUTE
    ../clib/microlib/malloc/malloc.c         0x00000000   Number         0  mallocr.o ABSOLUTE
    ../clib/microlib/malloc/malloc.c         0x00000000   Number         0  malloca.o ABSOLUTE
    ../clib/microlib/malloc/malloc.c         0x00000000   Number         0  mallocra.o ABSOLUTE
    ../clib/microlib/malloc/malloc.c         0x00000000   Number         0  malloc.o ABSOLUTE
    ../clib/microlib/malloc/mvars.c          0x00000000   Number         0  mvars.o ABSOLUTE
    ../clib/microlib/string/memcpy.c         0x00000000   Number         0  memcpya.o ABSOLUTE
    ../clib/microlib/string/memcpy.c         0x00000000   Number         0  memcpyb.o ABSOLUTE
    ../clib/microlib/string/memset.c         0x00000000   Number         0  memseta.o ABSOLUTE
    ../clib/microlib/stubs.s                 0x00000000   Number         0  iusefp.o ABSOLUTE
    ../fplib/microlib/d2f.c                  0x00000000   Number         0  d2f.o ABSOLUTE
    ../fplib/microlib/fpadd.c                0x00000000   Number         0  fadd.o ABSOLUTE
    ../fplib/microlib/fpdiv.c                0x00000000   Number         0  fdiv.o ABSOLUTE
    ../fplib/microlib/fpepilogue.c           0x00000000   Number         0  depilogue.o ABSOLUTE
    ../fplib/microlib/fpepilogue.c           0x00000000   Number         0  fepilogue.o ABSOLUTE
    ../fplib/microlib/fpfix.c                0x00000000   Number         0  ffixir.o ABSOLUTE
    ../fplib/microlib/fpfix.c                0x00000000   Number         0  ffixui.o ABSOLUTE
    ../fplib/microlib/fpfix.c                0x00000000   Number         0  ffixi.o ABSOLUTE
    ../fplib/microlib/fpflt.c                0x00000000   Number         0  fflti.o ABSOLUTE
    ../fplib/microlib/fpflt.c                0x00000000   Number         0  dfltui.o ABSOLUTE
    ../fplib/microlib/fpmul.c                0x00000000   Number         0  fmul.o ABSOLUTE
    ../fplib/microlib/fpmul.c                0x00000000   Number         0  dmul.o ABSOLUTE
    ../fplib/microlib/fprnd.c                0x00000000   Number         0  frnd.o ABSOLUTE
    ../fplib/microlib/fpscalb.c              0x00000000   Number         0  fscalb.o ABSOLUTE
    ../fplib/microlib/fpscalb.c              0x00000000   Number         0  dscalb.o ABSOLUTE
    ../fplib/microlib/fpstat.c               0x00000000   Number         0  fpstat.o ABSOLUTE
    ../mathlib/fpclassifyf.c                 0x00000000   Number         0  fpclassifyf.o ABSOLUTE
    ../mathlib/funder.c                      0x00000000   Number         0  funder.o ABSOLUTE
    ../mathlib/powf.c                        0x00000000   Number         0  powf.o ABSOLUTE
    ../mathlib/powf.c                        0x00000000   Number         0  powf_x.o ABSOLUTE
    ../mathlib/round.c                       0x00000000   Number         0  roundf.o ABSOLUTE
    ..\Drivers\STM32F1xx_HAL_Driver\Src\stm32f1xx_hal.c 0x00000000   Number         0  stm32f1xx_hal.o ABSOLUTE
    ..\Drivers\STM32F1xx_HAL_Driver\Src\stm32f1xx_hal_adc.c 0x00000000   Number         0  stm32f1xx_hal_adc.o ABSOLUTE
    ..\Drivers\STM32F1xx_HAL_Driver\Src\stm32f1xx_hal_adc_ex.c 0x00000000   Number         0  stm32f1xx_hal_adc_ex.o ABSOLUTE
    ..\Drivers\STM32F1xx_HAL_Driver\Src\stm32f1xx_hal_cortex.c 0x00000000   Number         0  stm32f1xx_hal_cortex.o ABSOLUTE
    ..\Drivers\STM32F1xx_HAL_Driver\Src\stm32f1xx_hal_dma.c 0x00000000   Number         0  stm32f1xx_hal_dma.o ABSOLUTE
    ..\Drivers\STM32F1xx_HAL_Driver\Src\stm32f1xx_hal_exti.c 0x00000000   Number         0  stm32f1xx_hal_exti.o ABSOLUTE
    ..\Drivers\STM32F1xx_HAL_Driver\Src\stm32f1xx_hal_flash.c 0x00000000   Number         0  stm32f1xx_hal_flash.o ABSOLUTE
    ..\Drivers\STM32F1xx_HAL_Driver\Src\stm32f1xx_hal_flash_ex.c 0x00000000   Number         0  stm32f1xx_hal_flash_ex.o ABSOLUTE
    ..\Drivers\STM32F1xx_HAL_Driver\Src\stm32f1xx_hal_gpio.c 0x00000000   Number         0  stm32f1xx_hal_gpio.o ABSOLUTE
    ..\Drivers\STM32F1xx_HAL_Driver\Src\stm32f1xx_hal_gpio_ex.c 0x00000000   Number         0  stm32f1xx_hal_gpio_ex.o ABSOLUTE
    ..\Drivers\STM32F1xx_HAL_Driver\Src\stm32f1xx_hal_i2c.c 0x00000000   Number         0  stm32f1xx_hal_i2c.o ABSOLUTE
    ..\Drivers\STM32F1xx_HAL_Driver\Src\stm32f1xx_hal_pwr.c 0x00000000   Number         0  stm32f1xx_hal_pwr.o ABSOLUTE
    ..\Drivers\STM32F1xx_HAL_Driver\Src\stm32f1xx_hal_rcc.c 0x00000000   Number         0  stm32f1xx_hal_rcc.o ABSOLUTE
    ..\Drivers\STM32F1xx_HAL_Driver\Src\stm32f1xx_hal_rcc_ex.c 0x00000000   Number         0  stm32f1xx_hal_rcc_ex.o ABSOLUTE
    ..\Drivers\STM32F1xx_HAL_Driver\Src\stm32f1xx_hal_spi.c 0x00000000   Number         0  stm32f1xx_hal_spi.o ABSOLUTE
    ..\Drivers\STM32F1xx_HAL_Driver\Src\stm32f1xx_hal_tim.c 0x00000000   Number         0  stm32f1xx_hal_tim.o ABSOLUTE
    ..\Drivers\STM32F1xx_HAL_Driver\Src\stm32f1xx_hal_tim_ex.c 0x00000000   Number         0  stm32f1xx_hal_tim_ex.o ABSOLUTE
    ..\Src\adc.c                             0x00000000   Number         0  adc.o ABSOLUTE
    ..\Src\dma.c                             0x00000000   Number         0  dma.o ABSOLUTE
    ..\Src\gpio.c                            0x00000000   Number         0  gpio.o ABSOLUTE
    ..\Src\i2c.c                             0x00000000   Number         0  i2c.o ABSOLUTE
    ..\Src\main.c                            0x00000000   Number         0  main.o ABSOLUTE
    ..\Src\spi.c                             0x00000000   Number         0  spi.o ABSOLUTE
    ..\Src\stm32f1xx_hal_msp.c               0x00000000   Number         0  stm32f1xx_hal_msp.o ABSOLUTE
    ..\Src\stm32f1xx_it.c                    0x00000000   Number         0  stm32f1xx_it.o ABSOLUTE
    ..\Src\sys.c                             0x00000000   Number         0  sys.o ABSOLUTE
    ..\Src\system_stm32f1xx.c                0x00000000   Number         0  system_stm32f1xx.o ABSOLUTE
    ..\Src\tim.c                             0x00000000   Number         0  tim.o ABSOLUTE
    ..\\user_lib\\nrf24l01.c                 0x00000000   Number         0  nrf24l01.o ABSOLUTE
    ..\\user_lib\\remote.c                   0x00000000   Number         0  remote.o ABSOLUTE
    ..\\user_lib\\ws2812.c                   0x00000000   Number         0  ws2812.o ABSOLUTE
    ..\user_lib\nrf24l01.c                   0x00000000   Number         0  nrf24l01.o ABSOLUTE
    ..\user_lib\remote.c                     0x00000000   Number         0  remote.o ABSOLUTE
    ..\user_lib\ws2812.c                     0x00000000   Number         0  ws2812.o ABSOLUTE
    dc.s                                     0x00000000   Number         0  dc.o ABSOLUTE
    handlers.s                               0x00000000   Number         0  handlers.o ABSOLUTE
    init.s                                   0x00000000   Number         0  init.o ABSOLUTE
    startup_stm32f103xb.s                    0x00000000   Number         0  startup_stm32f103xb.o ABSOLUTE
    RESET                                    0x08000000   Section      236  startup_stm32f103xb.o(RESET)
    .ARM.Collect$$$$00000000                 0x080000ec   Section        0  entry.o(.ARM.Collect$$$$00000000)
    .ARM.Collect$$$$00000001                 0x080000ec   Section        4  entry2.o(.ARM.Collect$$$$00000001)
    .ARM.Collect$$$$00000004                 0x080000f0   Section        4  entry5.o(.ARM.Collect$$$$00000004)
    .ARM.Collect$$$$00000008                 0x080000f4   Section        0  entry7b.o(.ARM.Collect$$$$00000008)
    .ARM.Collect$$$$0000000A                 0x080000f4   Section        0  entry8b.o(.ARM.Collect$$$$0000000A)
    .ARM.Collect$$$$0000000B                 0x080000f4   Section        8  entry9a.o(.ARM.Collect$$$$0000000B)
    .ARM.Collect$$$$0000000D                 0x080000fc   Section        0  entry10a.o(.ARM.Collect$$$$0000000D)
    .ARM.Collect$$$$0000000F                 0x080000fc   Section        0  entry11a.o(.ARM.Collect$$$$0000000F)
    .ARM.Collect$$$$00002712                 0x080000fc   Section        4  entry2.o(.ARM.Collect$$$$00002712)
    __lit__00000000                          0x080000fc   Data           4  entry2.o(.ARM.Collect$$$$00002712)
    .text                                    0x08000100   Section       36  startup_stm32f103xb.o(.text)
    .text                                    0x08000124   Section        0  llushr.o(.text)
    .text                                    0x08000144   Section        0  memcpya.o(.text)
    .text                                    0x08000168   Section        0  memseta.o(.text)
    .text                                    0x0800018c   Section        0  fmul.o(.text)
    .text                                    0x080001f0   Section        0  fdiv.o(.text)
    .text                                    0x0800026c   Section        0  dmul.o(.text)
    .text                                    0x08000350   Section        0  dscalb.o(.text)
    .text                                    0x0800037e   Section        0  fflti.o(.text)
    .text                                    0x08000390   Section        0  dfltui.o(.text)
    .text                                    0x080003aa   Section        0  ffixi.o(.text)
    .text                                    0x080003dc   Section        0  ffixui.o(.text)
    .text                                    0x08000404   Section        0  d2f.o(.text)
    .text                                    0x0800043c   Section        0  fepilogue.o(.text)
    .text                                    0x0800043c   Section        0  iusefp.o(.text)
    .text                                    0x080004aa   Section        0  fadd.o(.text)
    .text                                    0x0800055a   Section        0  fscalb.o(.text)
    .text                                    0x08000572   Section        0  frnd.o(.text)
    .text                                    0x080005ae   Section        0  depilogue.o(.text)
    .text                                    0x08000668   Section        0  ffixir.o(.text)
    .text                                    0x080006b4   Section        0  fpstat.o(.text)
    .text                                    0x080006b8   Section       36  init.o(.text)
    .text                                    0x080006dc   Section        0  llshl.o(.text)
    .text                                    0x080006fa   Section        0  __dczerorl2.o(.text)
    i.ADC_ConversionStop_Disable             0x08000750   Section        0  stm32f1xx_hal_adc.o(i.ADC_ConversionStop_Disable)
    i.ADC_Enable                             0x0800079c   Section        0  stm32f1xx_hal_adc.o(i.ADC_Enable)
    i.BusFault_Handler                       0x0800080c   Section        0  stm32f1xx_it.o(i.BusFault_Handler)
    i.DMA1_Channel3_IRQHandler               0x08000810   Section        0  stm32f1xx_it.o(i.DMA1_Channel3_IRQHandler)
    i.DMA_SetConfig                          0x0800081c   Section        0  stm32f1xx_hal_dma.o(i.DMA_SetConfig)
    DMA_SetConfig                            0x0800081d   Thumb Code    42  stm32f1xx_hal_dma.o(i.DMA_SetConfig)
    i.DataFresh                              0x08000846   Section        0  remote.o(i.DataFresh)
    i.DebugMon_Handler                       0x08000854   Section        0  stm32f1xx_it.o(i.DebugMon_Handler)
    i.Error_Handler                          0x08000856   Section        0  main.o(i.Error_Handler)
    i.HAL_ADC_ConfigChannel                  0x08000858   Section        0  stm32f1xx_hal_adc.o(i.HAL_ADC_ConfigChannel)
    i.HAL_ADC_GetValue                       0x08000954   Section        0  stm32f1xx_hal_adc.o(i.HAL_ADC_GetValue)
    i.HAL_ADC_Init                           0x0800095c   Section        0  stm32f1xx_hal_adc.o(i.HAL_ADC_Init)
    i.HAL_ADC_MspInit                        0x08000a78   Section        0  adc.o(i.HAL_ADC_MspInit)
    i.HAL_ADC_PollForConversion              0x08000ad0   Section        0  stm32f1xx_hal_adc.o(i.HAL_ADC_PollForConversion)
    i.HAL_ADC_Start                          0x08000c00   Section        0  stm32f1xx_hal_adc.o(i.HAL_ADC_Start)
    i.HAL_ADC_Stop                           0x08000cc0   Section        0  stm32f1xx_hal_adc.o(i.HAL_ADC_Stop)
    i.HAL_DMA_IRQHandler                     0x08000cf4   Section        0  stm32f1xx_hal_dma.o(i.HAL_DMA_IRQHandler)
    i.HAL_DMA_Init                           0x08000e48   Section        0  stm32f1xx_hal_dma.o(i.HAL_DMA_Init)
    i.HAL_DMA_Start_IT                       0x08000ea4   Section        0  stm32f1xx_hal_dma.o(i.HAL_DMA_Start_IT)
    i.HAL_Delay                              0x08000f14   Section        0  stm32f1xx_hal.o(i.HAL_Delay)
    i.HAL_GPIO_Init                          0x08000f38   Section        0  stm32f1xx_hal_gpio.o(i.HAL_GPIO_Init)
    i.HAL_GPIO_ReadPin                       0x08001118   Section        0  stm32f1xx_hal_gpio.o(i.HAL_GPIO_ReadPin)
    i.HAL_GPIO_TogglePin                     0x08001122   Section        0  stm32f1xx_hal_gpio.o(i.HAL_GPIO_TogglePin)
    i.HAL_GPIO_WritePin                      0x08001130   Section        0  stm32f1xx_hal_gpio.o(i.HAL_GPIO_WritePin)
    i.HAL_GetTick                            0x0800113c   Section        0  stm32f1xx_hal.o(i.HAL_GetTick)
    i.HAL_I2C_Init                           0x08001148   Section        0  stm32f1xx_hal_i2c.o(i.HAL_I2C_Init)
    i.HAL_I2C_MspInit                        0x080012bc   Section        0  i2c.o(i.HAL_I2C_MspInit)
    i.HAL_IncTick                            0x08001328   Section        0  stm32f1xx_hal.o(i.HAL_IncTick)
    i.HAL_Init                               0x08001338   Section        0  stm32f1xx_hal.o(i.HAL_Init)
    i.HAL_InitTick                           0x0800135c   Section        0  stm32f1xx_hal.o(i.HAL_InitTick)
    i.HAL_MspInit                            0x0800139c   Section        0  stm32f1xx_hal_msp.o(i.HAL_MspInit)
    i.HAL_NVIC_EnableIRQ                     0x080013d8   Section        0  stm32f1xx_hal_cortex.o(i.HAL_NVIC_EnableIRQ)
    i.HAL_NVIC_SetPriority                   0x080013f4   Section        0  stm32f1xx_hal_cortex.o(i.HAL_NVIC_SetPriority)
    i.HAL_NVIC_SetPriorityGrouping           0x08001434   Section        0  stm32f1xx_hal_cortex.o(i.HAL_NVIC_SetPriorityGrouping)
    i.HAL_RCCEx_GetPeriphCLKFreq             0x08001458   Section        0  stm32f1xx_hal_rcc_ex.o(i.HAL_RCCEx_GetPeriphCLKFreq)
    i.HAL_RCCEx_PeriphCLKConfig              0x08001520   Section        0  stm32f1xx_hal_rcc_ex.o(i.HAL_RCCEx_PeriphCLKConfig)
    i.HAL_RCC_ClockConfig                    0x0800160c   Section        0  stm32f1xx_hal_rcc.o(i.HAL_RCC_ClockConfig)
    i.HAL_RCC_GetPCLK1Freq                   0x08001738   Section        0  stm32f1xx_hal_rcc.o(i.HAL_RCC_GetPCLK1Freq)
    i.HAL_RCC_GetPCLK2Freq                   0x08001758   Section        0  stm32f1xx_hal_rcc.o(i.HAL_RCC_GetPCLK2Freq)
    i.HAL_RCC_GetSysClockFreq                0x08001778   Section        0  stm32f1xx_hal_rcc.o(i.HAL_RCC_GetSysClockFreq)
    i.HAL_RCC_OscConfig                      0x080017e4   Section        0  stm32f1xx_hal_rcc.o(i.HAL_RCC_OscConfig)
    i.HAL_SPI_Init                           0x08001b04   Section        0  stm32f1xx_hal_spi.o(i.HAL_SPI_Init)
    i.HAL_SPI_MspInit                        0x08001b80   Section        0  spi.o(i.HAL_SPI_MspInit)
    i.HAL_SPI_TransmitReceive                0x08001bf4   Section        0  stm32f1xx_hal_spi.o(i.HAL_SPI_TransmitReceive)
    i.HAL_SYSTICK_Config                     0x08001dd6   Section        0  stm32f1xx_hal_cortex.o(i.HAL_SYSTICK_Config)
    i.HAL_TIMEx_ConfigBreakDeadTime          0x08001dfe   Section        0  stm32f1xx_hal_tim_ex.o(i.HAL_TIMEx_ConfigBreakDeadTime)
    i.HAL_TIMEx_MasterConfigSynchronization  0x08001e52   Section        0  stm32f1xx_hal_tim_ex.o(i.HAL_TIMEx_MasterConfigSynchronization)
    i.HAL_TIM_Base_Init                      0x08001e94   Section        0  stm32f1xx_hal_tim.o(i.HAL_TIM_Base_Init)
    i.HAL_TIM_Base_MspInit                   0x08001ecc   Section        0  tim.o(i.HAL_TIM_Base_MspInit)
    i.HAL_TIM_ConfigClockSource              0x08001f60   Section        0  stm32f1xx_hal_tim.o(i.HAL_TIM_ConfigClockSource)
    i.HAL_TIM_ErrorCallback                  0x08002036   Section        0  stm32f1xx_hal_tim.o(i.HAL_TIM_ErrorCallback)
    i.HAL_TIM_MspPostInit                    0x08002038   Section        0  tim.o(i.HAL_TIM_MspPostInit)
    i.HAL_TIM_PWM_ConfigChannel              0x080020b0   Section        0  stm32f1xx_hal_tim.o(i.HAL_TIM_PWM_ConfigChannel)
    i.HAL_TIM_PWM_Init                       0x08002180   Section        0  stm32f1xx_hal_tim.o(i.HAL_TIM_PWM_Init)
    i.HAL_TIM_PWM_MspInit                    0x080021b6   Section        0  stm32f1xx_hal_tim.o(i.HAL_TIM_PWM_MspInit)
    i.HAL_TIM_PWM_PulseFinishedCallback      0x080021b8   Section        0  stm32f1xx_hal_tim.o(i.HAL_TIM_PWM_PulseFinishedCallback)
    i.HAL_TIM_PWM_PulseFinishedHalfCpltCallback 0x080021ba   Section        0  stm32f1xx_hal_tim.o(i.HAL_TIM_PWM_PulseFinishedHalfCpltCallback)
    i.HAL_TIM_PWM_Start                      0x080021bc   Section        0  stm32f1xx_hal_tim.o(i.HAL_TIM_PWM_Start)
    i.HAL_TIM_PWM_Start_DMA                  0x080021f4   Section        0  stm32f1xx_hal_tim.o(i.HAL_TIM_PWM_Start_DMA)
    i.HAL_TIM_PWM_Stop                       0x0800230c   Section        0  stm32f1xx_hal_tim.o(i.HAL_TIM_PWM_Stop)
    i.HardFault_Handler                      0x08002360   Section        0  stm32f1xx_it.o(i.HardFault_Handler)
    i.Initilaize                             0x08002364   Section        0  remote.o(i.Initilaize)
    i.MX_ADC1_Init                           0x080023e8   Section        0  adc.o(i.MX_ADC1_Init)
    i.MX_DMA_Init                            0x08002478   Section        0  dma.o(i.MX_DMA_Init)
    i.MX_GPIO_Init                           0x080024a4   Section        0  gpio.o(i.MX_GPIO_Init)
    i.MX_I2C1_Init                           0x080025a0   Section        0  i2c.o(i.MX_I2C1_Init)
    i.MX_SPI2_Init                           0x080025e0   Section        0  spi.o(i.MX_SPI2_Init)
    i.MX_TIM1_Init                           0x08002624   Section        0  tim.o(i.MX_TIM1_Init)
    i.MX_TIM2_Init                           0x080026e8   Section        0  tim.o(i.MX_TIM2_Init)
    i.MX_TIM4_Init                           0x0800274c   Section        0  tim.o(i.MX_TIM4_Init)
    i.MemManage_Handler                      0x080027e8   Section        0  stm32f1xx_it.o(i.MemManage_Handler)
    i.NMI_Handler                            0x080027ea   Section        0  stm32f1xx_it.o(i.NMI_Handler)
    i.NRF24L01_Check                         0x080027ec   Section        0  nrf24l01.o(i.NRF24L01_Check)
    i.NRF24L01_Config                        0x08002850   Section        0  nrf24l01.o(i.NRF24L01_Config)
    NRF24L01_Config                          0x08002851   Thumb Code   246  nrf24l01.o(i.NRF24L01_Config)
    i.NRF24L01_Get_Instance                  0x08002946   Section        0  nrf24l01.o(i.NRF24L01_Get_Instance)
    i.NRF24L01_Init                          0x08002a18   Section        0  nrf24l01.o(i.NRF24L01_Init)
    i.NRF24L01_Switch2_Rx                    0x08002ac4   Section        0  nrf24l01.o(i.NRF24L01_Switch2_Rx)
    i.NRF24L01_Switch2_Tx                    0x08002b54   Section        0  nrf24l01.o(i.NRF24L01_Switch2_Tx)
    i.NRF24L01_Transmit                      0x08002bbc   Section        0  nrf24l01.o(i.NRF24L01_Transmit)
    i.NRF_ReceiveACKCallback                 0x08002cb8   Section        0  main.o(i.NRF_ReceiveACKCallback)
    i.PendSV_Handler                         0x08002ce8   Section        0  stm32f1xx_it.o(i.PendSV_Handler)
    i.RGB                                    0x08002cea   Section        0  ws2812.o(i.RGB)
    i.SPI_EndRxTxTransaction                 0x08002cf4   Section        0  stm32f1xx_hal_spi.o(i.SPI_EndRxTxTransaction)
    SPI_EndRxTxTransaction                   0x08002cf5   Thumb Code    32  stm32f1xx_hal_spi.o(i.SPI_EndRxTxTransaction)
    i.SPI_ReadWriteByte                      0x08002d14   Section        0  nrf24l01.o(i.SPI_ReadWriteByte)
    SPI_ReadWriteByte                        0x08002d15   Thumb Code    42  nrf24l01.o(i.SPI_ReadWriteByte)
    i.SPI_WaitFlagStateUntilTimeout          0x08002d3e   Section        0  stm32f1xx_hal_spi.o(i.SPI_WaitFlagStateUntilTimeout)
    SPI_WaitFlagStateUntilTimeout            0x08002d3f   Thumb Code   148  stm32f1xx_hal_spi.o(i.SPI_WaitFlagStateUntilTimeout)
    i.SVC_Handler                            0x08002dd2   Section        0  stm32f1xx_it.o(i.SVC_Handler)
    i.SysTick_Handler                        0x08002dd4   Section        0  stm32f1xx_it.o(i.SysTick_Handler)
    i.SystemClock_Config                     0x08002dd8   Section        0  main.o(i.SystemClock_Config)
    i.SystemInit                             0x08002e38   Section        0  system_stm32f1xx.o(i.SystemInit)
    i.TIM_Base_SetConfig                     0x08002e80   Section        0  stm32f1xx_hal_tim.o(i.TIM_Base_SetConfig)
    i.TIM_CCxChannelCmd                      0x08002eec   Section        0  stm32f1xx_hal_tim.o(i.TIM_CCxChannelCmd)
    i.TIM_DMADelayPulseCplt                  0x08002f06   Section        0  stm32f1xx_hal_tim.o(i.TIM_DMADelayPulseCplt)
    i.TIM_DMADelayPulseHalfCplt              0x08002f44   Section        0  stm32f1xx_hal_tim.o(i.TIM_DMADelayPulseHalfCplt)
    i.TIM_DMAError                           0x08002f82   Section        0  stm32f1xx_hal_tim.o(i.TIM_DMAError)
    i.TIM_ETR_SetConfig                      0x08002f92   Section        0  stm32f1xx_hal_tim.o(i.TIM_ETR_SetConfig)
    i.TIM_ITRx_SetConfig                     0x08002fa6   Section        0  stm32f1xx_hal_tim.o(i.TIM_ITRx_SetConfig)
    TIM_ITRx_SetConfig                       0x08002fa7   Thumb Code    16  stm32f1xx_hal_tim.o(i.TIM_ITRx_SetConfig)
    i.TIM_OC1_SetConfig                      0x08002fb8   Section        0  stm32f1xx_hal_tim.o(i.TIM_OC1_SetConfig)
    TIM_OC1_SetConfig                        0x08002fb9   Thumb Code    74  stm32f1xx_hal_tim.o(i.TIM_OC1_SetConfig)
    i.TIM_OC2_SetConfig                      0x08003008   Section        0  stm32f1xx_hal_tim.o(i.TIM_OC2_SetConfig)
    i.TIM_OC3_SetConfig                      0x08003060   Section        0  stm32f1xx_hal_tim.o(i.TIM_OC3_SetConfig)
    TIM_OC3_SetConfig                        0x08003061   Thumb Code    82  stm32f1xx_hal_tim.o(i.TIM_OC3_SetConfig)
    i.TIM_OC4_SetConfig                      0x080030b8   Section        0  stm32f1xx_hal_tim.o(i.TIM_OC4_SetConfig)
    TIM_OC4_SetConfig                        0x080030b9   Thumb Code    64  stm32f1xx_hal_tim.o(i.TIM_OC4_SetConfig)
    i.TIM_TI1_ConfigInputStage               0x080030fc   Section        0  stm32f1xx_hal_tim.o(i.TIM_TI1_ConfigInputStage)
    TIM_TI1_ConfigInputStage                 0x080030fd   Thumb Code    34  stm32f1xx_hal_tim.o(i.TIM_TI1_ConfigInputStage)
    i.TIM_TI2_ConfigInputStage               0x0800311e   Section        0  stm32f1xx_hal_tim.o(i.TIM_TI2_ConfigInputStage)
    TIM_TI2_ConfigInputStage                 0x0800311f   Thumb Code    36  stm32f1xx_hal_tim.o(i.TIM_TI2_ConfigInputStage)
    i.UsageFault_Handler                     0x08003142   Section        0  stm32f1xx_it.o(i.UsageFault_Handler)
    i.WS2812_INIT                            0x08003144   Section        0  ws2812.o(i.WS2812_INIT)
    WS2812_INIT                              0x08003145   Thumb Code   260  ws2812.o(i.WS2812_INIT)
    i.WS2812_START_BY_PWM_DMA                0x08003270   Section        0  ws2812.o(i.WS2812_START_BY_PWM_DMA)
    WS2812_START_BY_PWM_DMA                  0x08003271   Thumb Code    14  ws2812.o(i.WS2812_START_BY_PWM_DMA)
    i.__ARM_fpclassifyf                      0x08003288   Section        0  fpclassifyf.o(i.__ARM_fpclassifyf)
    i.__NVIC_SetPriority                     0x080032ae   Section        0  stm32f1xx_hal_cortex.o(i.__NVIC_SetPriority)
    __NVIC_SetPriority                       0x080032af   Thumb Code    32  stm32f1xx_hal_cortex.o(i.__NVIC_SetPriority)
    i.__mathlib_flt_divzero                  0x080032ce   Section        0  funder.o(i.__mathlib_flt_divzero)
    i.__mathlib_flt_infnan2                  0x080032d8   Section        0  funder.o(i.__mathlib_flt_infnan2)
    i.__mathlib_flt_invalid                  0x080032dc   Section        0  funder.o(i.__mathlib_flt_invalid)
    i.__mathlib_flt_overflow                 0x080032e4   Section        0  funder.o(i.__mathlib_flt_overflow)
    i.__mathlib_flt_underflow                0x080032ee   Section        0  funder.o(i.__mathlib_flt_underflow)
    i.__scatterload_copy                     0x080032f8   Section       14  handlers.o(i.__scatterload_copy)
    i.__scatterload_null                     0x08003306   Section        2  handlers.o(i.__scatterload_null)
    i.__scatterload_zeroinit                 0x08003308   Section       14  handlers.o(i.__scatterload_zeroinit)
    i.__set_errno                            0x08003318   Section        0  errno.o(i.__set_errno)
    i.buzeer_cry                             0x08003324   Section        0  remote.o(i.buzeer_cry)
    i.buzzer_start                           0x0800337c   Section        0  remote.o(i.buzzer_start)
    i.buzzer_stop                            0x080033b8   Section        0  remote.o(i.buzzer_stop)
    i.free                                   0x080033c8   Section        0  malloc.o(i.free)
    i.getJoyStick                            0x08003418   Section        0  remote.o(i.getJoyStick)
    i.getKeyboard                            0x0800354c   Section        0  remote.o(i.getKeyboard)
    i.main                                   0x080035d0   Section        0  main.o(i.main)
    i.malloc                                 0x080036d0   Section        0  malloc.o(i.malloc)
    i.nrf24l01_read_buf                      0x0800373c   Section        0  nrf24l01.o(i.nrf24l01_read_buf)
    nrf24l01_read_buf                        0x0800373d   Thumb Code    74  nrf24l01.o(i.nrf24l01_read_buf)
    i.nrf24l01_read_reg                      0x08003786   Section        0  nrf24l01.o(i.nrf24l01_read_reg)
    nrf24l01_read_reg                        0x08003787   Thumb Code    56  nrf24l01.o(i.nrf24l01_read_reg)
    i.nrf24l01_write_buf                     0x080037c0   Section        0  nrf24l01.o(i.nrf24l01_write_buf)
    nrf24l01_write_buf                       0x080037c1   Thumb Code    74  nrf24l01.o(i.nrf24l01_write_buf)
    i.nrf24l01_write_reg                     0x0800380a   Section        0  nrf24l01.o(i.nrf24l01_write_reg)
    nrf24l01_write_reg                       0x0800380b   Thumb Code    54  nrf24l01.o(i.nrf24l01_write_reg)
    i.powf                                   0x08003840   Section        0  powf.o(i.powf)
    i.rgb_to_local                           0x08003e60   Section        0  ws2812.o(i.rgb_to_local)
    rgb_to_local                             0x08003e61   Thumb Code    50  ws2812.o(i.rgb_to_local)
    i.roundf                                 0x08003e98   Section        0  roundf.o(i.roundf)
    i.ws2811_all_off                         0x08003f0c   Section        0  ws2812.o(i.ws2811_all_off)
    i.ws2811_set_all                         0x08003f40   Section        0  ws2812.o(i.ws2811_set_all)
    i.ws2811_set_led_color                   0x08003fac   Section        0  ws2812.o(i.ws2811_set_led_color)
    .constdata                               0x08004010   Section       16  system_stm32f1xx.o(.constdata)
    .constdata                               0x08004020   Section        8  system_stm32f1xx.o(.constdata)
    .constdata                               0x08004028   Section      320  powf.o(.constdata)
    table                                    0x08004028   Data         128  powf.o(.constdata)
    powersof2to1over16top                    0x080040a8   Data          64  powf.o(.constdata)
    powersof2to1over16bot                    0x080040e8   Data          64  powf.o(.constdata)
    powersof2to1over16all                    0x08004128   Data          64  powf.o(.constdata)
    .data                                    0x20000000   Section       41  nrf24l01.o(.data)
    txmsgadress                              0x20000000   Data           5  nrf24l01.o(.data)
    pipepayloadwidth                         0x20000005   Data           6  nrf24l01.o(.data)
    pipeadress                               0x2000000b   Data          30  nrf24l01.o(.data)
    .data                                    0x2000002c   Section      204  remote.o(.data)
    adc_count                                0x2000002c   Data           2  remote.o(.data)
    spectrum                                 0x200000b8   Data          64  remote.o(.data)
    .data                                    0x200000f8   Section       44  ws2812.o(.data)
    WS2812_BIT_ONE                           0x200000f8   Data           2  ws2812.o(.data)
    WS2812_BIT_ZERO                          0x200000fa   Data           2  ws2812.o(.data)
    brightnessbuffer                         0x200000fc   Data           4  ws2812.o(.data)
    .data                                    0x20000124   Section        8  main.o(.data)
    .data                                    0x2000012c   Section        4  system_stm32f1xx.o(.data)
    .data                                    0x20000130   Section       12  stm32f1xx_hal.o(.data)
    .data                                    0x2000013c   Section        4  mvars.o(.data)
    .data                                    0x20000140   Section        4  mvars.o(.data)
    .data                                    0x20000144   Section        4  errno.o(.data)
    _errno                                   0x20000144   Data           4  errno.o(.data)
    .bss                                     0x20000148   Section      152  nrf24l01.o(.bss)
    .bss                                     0x200001e0   Section      160  remote.o(.bss)
    temp                                     0x200001e0   Data         160  remote.o(.bss)
    .bss                                     0x20000280   Section     1064  ws2812.o(.bss)
    bitbuffer                                0x20000280   Data         792  ws2812.o(.bss)
    RGBbuffer                                0x20000598   Data          16  ws2812.o(.bss)
    gamma_table                              0x200005a8   Data         256  ws2812.o(.bss)
    .bss                                     0x200006a8   Section       32  main.o(.bss)
    .bss                                     0x200006c8   Section       48  adc.o(.bss)
    .bss                                     0x200006f8   Section       84  i2c.o(.bss)
    .bss                                     0x2000074c   Section       88  spi.o(.bss)
    .bss                                     0x200007a4   Section      260  tim.o(.bss)
    HEAP                                     0x200008a8   Section      512  startup_stm32f103xb.o(HEAP)
    STACK                                    0x20000aa8   Section     1024  startup_stm32f103xb.o(STACK)

    Global Symbols

    Symbol Name                              Value     Ov Type        Size  Object(Section)

    BuildAttributes$$THM_ISAv4$P$D$K$B$S$PE$A:L22UL41UL21$X:L11$S22US41US21$IEEE1$IW$USESV6$~STKCKD$USESV7$~SHL$OTIME$ROPI$IEEEX$EBA8$MICROLIB$REQ8$PRES8$EABIv2 0x00000000   Number         0  anon$$obj.o ABSOLUTE
    __ARM_use_no_argv                        0x00000000   Number         0  main.o ABSOLUTE
    __cpp_initialize__aeabi_                  - Undefined Weak Reference
    __cxa_finalize                            - Undefined Weak Reference
    _clock_init                               - Undefined Weak Reference
    _microlib_exit                            - Undefined Weak Reference
    __Vectors_Size                           0x000000ec   Number         0  startup_stm32f103xb.o ABSOLUTE
    __Vectors                                0x08000000   Data           4  startup_stm32f103xb.o(RESET)
    __Vectors_End                            0x080000ec   Data           0  startup_stm32f103xb.o(RESET)
    __main                                   0x080000ed   Thumb Code     0  entry.o(.ARM.Collect$$$$00000000)
    _main_stk                                0x080000ed   Thumb Code     0  entry2.o(.ARM.Collect$$$$00000001)
    _main_scatterload                        0x080000f1   Thumb Code     0  entry5.o(.ARM.Collect$$$$00000004)
    __main_after_scatterload                 0x080000f5   Thumb Code     0  entry5.o(.ARM.Collect$$$$00000004)
    _main_clock                              0x080000f5   Thumb Code     0  entry7b.o(.ARM.Collect$$$$00000008)
    _main_cpp_init                           0x080000f5   Thumb Code     0  entry8b.o(.ARM.Collect$$$$0000000A)
    _main_init                               0x080000f5   Thumb Code     0  entry9a.o(.ARM.Collect$$$$0000000B)
    __rt_final_cpp                           0x080000fd   Thumb Code     0  entry10a.o(.ARM.Collect$$$$0000000D)
    __rt_final_exit                          0x080000fd   Thumb Code     0  entry11a.o(.ARM.Collect$$$$0000000F)
    Reset_Handler                            0x08000101   Thumb Code     8  startup_stm32f103xb.o(.text)
    ADC1_2_IRQHandler                        0x0800011b   Thumb Code     0  startup_stm32f103xb.o(.text)
    CAN1_RX1_IRQHandler                      0x0800011b   Thumb Code     0  startup_stm32f103xb.o(.text)
    CAN1_SCE_IRQHandler                      0x0800011b   Thumb Code     0  startup_stm32f103xb.o(.text)
    DMA1_Channel1_IRQHandler                 0x0800011b   Thumb Code     0  startup_stm32f103xb.o(.text)
    DMA1_Channel2_IRQHandler                 0x0800011b   Thumb Code     0  startup_stm32f103xb.o(.text)
    DMA1_Channel4_IRQHandler                 0x0800011b   Thumb Code     0  startup_stm32f103xb.o(.text)
    DMA1_Channel5_IRQHandler                 0x0800011b   Thumb Code     0  startup_stm32f103xb.o(.text)
    DMA1_Channel6_IRQHandler                 0x0800011b   Thumb Code     0  startup_stm32f103xb.o(.text)
    DMA1_Channel7_IRQHandler                 0x0800011b   Thumb Code     0  startup_stm32f103xb.o(.text)
    EXTI0_IRQHandler                         0x0800011b   Thumb Code     0  startup_stm32f103xb.o(.text)
    EXTI15_10_IRQHandler                     0x0800011b   Thumb Code     0  startup_stm32f103xb.o(.text)
    EXTI1_IRQHandler                         0x0800011b   Thumb Code     0  startup_stm32f103xb.o(.text)
    EXTI2_IRQHandler                         0x0800011b   Thumb Code     0  startup_stm32f103xb.o(.text)
    EXTI3_IRQHandler                         0x0800011b   Thumb Code     0  startup_stm32f103xb.o(.text)
    EXTI4_IRQHandler                         0x0800011b   Thumb Code     0  startup_stm32f103xb.o(.text)
    EXTI9_5_IRQHandler                       0x0800011b   Thumb Code     0  startup_stm32f103xb.o(.text)
    FLASH_IRQHandler                         0x0800011b   Thumb Code     0  startup_stm32f103xb.o(.text)
    I2C1_ER_IRQHandler                       0x0800011b   Thumb Code     0  startup_stm32f103xb.o(.text)
    I2C1_EV_IRQHandler                       0x0800011b   Thumb Code     0  startup_stm32f103xb.o(.text)
    I2C2_ER_IRQHandler                       0x0800011b   Thumb Code     0  startup_stm32f103xb.o(.text)
    I2C2_EV_IRQHandler                       0x0800011b   Thumb Code     0  startup_stm32f103xb.o(.text)
    PVD_IRQHandler                           0x0800011b   Thumb Code     0  startup_stm32f103xb.o(.text)
    RCC_IRQHandler                           0x0800011b   Thumb Code     0  startup_stm32f103xb.o(.text)
    RTC_Alarm_IRQHandler                     0x0800011b   Thumb Code     0  startup_stm32f103xb.o(.text)
    RTC_IRQHandler                           0x0800011b   Thumb Code     0  startup_stm32f103xb.o(.text)
    SPI1_IRQHandler                          0x0800011b   Thumb Code     0  startup_stm32f103xb.o(.text)
    SPI2_IRQHandler                          0x0800011b   Thumb Code     0  startup_stm32f103xb.o(.text)
    TAMPER_IRQHandler                        0x0800011b   Thumb Code     0  startup_stm32f103xb.o(.text)
    TIM1_BRK_IRQHandler                      0x0800011b   Thumb Code     0  startup_stm32f103xb.o(.text)
    TIM1_CC_IRQHandler                       0x0800011b   Thumb Code     0  startup_stm32f103xb.o(.text)
    TIM1_TRG_COM_IRQHandler                  0x0800011b   Thumb Code     0  startup_stm32f103xb.o(.text)
    TIM1_UP_IRQHandler                       0x0800011b   Thumb Code     0  startup_stm32f103xb.o(.text)
    TIM2_IRQHandler                          0x0800011b   Thumb Code     0  startup_stm32f103xb.o(.text)
    TIM3_IRQHandler                          0x0800011b   Thumb Code     0  startup_stm32f103xb.o(.text)
    TIM4_IRQHandler                          0x0800011b   Thumb Code     0  startup_stm32f103xb.o(.text)
    USART1_IRQHandler                        0x0800011b   Thumb Code     0  startup_stm32f103xb.o(.text)
    USART2_IRQHandler                        0x0800011b   Thumb Code     0  startup_stm32f103xb.o(.text)
    USART3_IRQHandler                        0x0800011b   Thumb Code     0  startup_stm32f103xb.o(.text)
    USBWakeUp_IRQHandler                     0x0800011b   Thumb Code     0  startup_stm32f103xb.o(.text)
    USB_HP_CAN1_TX_IRQHandler                0x0800011b   Thumb Code     0  startup_stm32f103xb.o(.text)
    USB_LP_CAN1_RX0_IRQHandler               0x0800011b   Thumb Code     0  startup_stm32f103xb.o(.text)
    WWDG_IRQHandler                          0x0800011b   Thumb Code     0  startup_stm32f103xb.o(.text)
    __aeabi_llsr                             0x08000125   Thumb Code    32  llushr.o(.text)
    _ll_ushift_r                             0x08000125   Thumb Code     0  llushr.o(.text)
    __aeabi_memcpy                           0x08000145   Thumb Code    36  memcpya.o(.text)
    __aeabi_memcpy4                          0x08000145   Thumb Code     0  memcpya.o(.text)
    __aeabi_memcpy8                          0x08000145   Thumb Code     0  memcpya.o(.text)
    __aeabi_memset                           0x08000169   Thumb Code    14  memseta.o(.text)
    __aeabi_memset4                          0x08000169   Thumb Code     0  memseta.o(.text)
    __aeabi_memset8                          0x08000169   Thumb Code     0  memseta.o(.text)
    __aeabi_memclr                           0x08000177   Thumb Code     4  memseta.o(.text)
    __aeabi_memclr4                          0x08000177   Thumb Code     0  memseta.o(.text)
    __aeabi_memclr8                          0x08000177   Thumb Code     0  memseta.o(.text)
    _memset$wrapper                          0x0800017b   Thumb Code    18  memseta.o(.text)
    __aeabi_fmul                             0x0800018d   Thumb Code   100  fmul.o(.text)
    __aeabi_fdiv                             0x080001f1   Thumb Code   124  fdiv.o(.text)
    __aeabi_dmul                             0x0800026d   Thumb Code   228  dmul.o(.text)
    __ARM_scalbn                             0x08000351   Thumb Code    46  dscalb.o(.text)
    scalbn                                   0x08000351   Thumb Code     0  dscalb.o(.text)
    __aeabi_i2f                              0x0800037f   Thumb Code    18  fflti.o(.text)
    __aeabi_ui2d                             0x08000391   Thumb Code    26  dfltui.o(.text)
    __aeabi_f2iz                             0x080003ab   Thumb Code    50  ffixi.o(.text)
    __aeabi_f2uiz                            0x080003dd   Thumb Code    40  ffixui.o(.text)
    __aeabi_d2f                              0x08000405   Thumb Code    56  d2f.o(.text)
    __I$use$fp                               0x0800043d   Thumb Code     0  iusefp.o(.text)
    _float_round                             0x0800043d   Thumb Code    18  fepilogue.o(.text)
    _float_epilogue                          0x0800044f   Thumb Code    92  fepilogue.o(.text)
    __aeabi_fadd                             0x080004ab   Thumb Code   164  fadd.o(.text)
    __aeabi_fsub                             0x0800054f   Thumb Code     6  fadd.o(.text)
    __aeabi_frsub                            0x08000555   Thumb Code     6  fadd.o(.text)
    __ARM_scalbnf                            0x0800055b   Thumb Code    24  fscalb.o(.text)
    scalbnf                                  0x0800055b   Thumb Code     0  fscalb.o(.text)
    _frnd                                    0x08000573   Thumb Code    60  frnd.o(.text)
    _double_round                            0x080005af   Thumb Code    30  depilogue.o(.text)
    _double_epilogue                         0x080005cd   Thumb Code   156  depilogue.o(.text)
    _ffix_r                                  0x08000669   Thumb Code    76  ffixir.o(.text)
    __fp_status                              0x080006b5   Thumb Code     4  fpstat.o(.text)
    __ieee_status                            0x080006b5   Thumb Code     0  fpstat.o(.text)
    __scatterload                            0x080006b9   Thumb Code    28  init.o(.text)
    __scatterload_rt2                        0x080006b9   Thumb Code     0  init.o(.text)
    __aeabi_llsl                             0x080006dd   Thumb Code    30  llshl.o(.text)
    _ll_shift_l                              0x080006dd   Thumb Code     0  llshl.o(.text)
    __decompress                             0x080006fb   Thumb Code     0  __dczerorl2.o(.text)
    __decompress1                            0x080006fb   Thumb Code    86  __dczerorl2.o(.text)
    ADC_ConversionStop_Disable               0x08000751   Thumb Code    76  stm32f1xx_hal_adc.o(i.ADC_ConversionStop_Disable)
    ADC_Enable                               0x0800079d   Thumb Code   104  stm32f1xx_hal_adc.o(i.ADC_Enable)
    BusFault_Handler                         0x0800080d   Thumb Code     2  stm32f1xx_it.o(i.BusFault_Handler)
    DMA1_Channel3_IRQHandler                 0x08000811   Thumb Code     6  stm32f1xx_it.o(i.DMA1_Channel3_IRQHandler)
    DataFresh                                0x08000847   Thumb Code    14  remote.o(i.DataFresh)
    DebugMon_Handler                         0x08000855   Thumb Code     2  stm32f1xx_it.o(i.DebugMon_Handler)
    Error_Handler                            0x08000857   Thumb Code     2  main.o(i.Error_Handler)
    HAL_ADC_ConfigChannel                    0x08000859   Thumb Code   240  stm32f1xx_hal_adc.o(i.HAL_ADC_ConfigChannel)
    HAL_ADC_GetValue                         0x08000955   Thumb Code     6  stm32f1xx_hal_adc.o(i.HAL_ADC_GetValue)
    HAL_ADC_Init                             0x0800095d   Thumb Code   272  stm32f1xx_hal_adc.o(i.HAL_ADC_Init)
    HAL_ADC_MspInit                          0x08000a79   Thumb Code    76  adc.o(i.HAL_ADC_MspInit)
    HAL_ADC_PollForConversion                0x08000ad1   Thumb Code   290  stm32f1xx_hal_adc.o(i.HAL_ADC_PollForConversion)
    HAL_ADC_Start                            0x08000c01   Thumb Code   184  stm32f1xx_hal_adc.o(i.HAL_ADC_Start)
    HAL_ADC_Stop                             0x08000cc1   Thumb Code    52  stm32f1xx_hal_adc.o(i.HAL_ADC_Stop)
    HAL_DMA_IRQHandler                       0x08000cf5   Thumb Code   316  stm32f1xx_hal_dma.o(i.HAL_DMA_IRQHandler)
    HAL_DMA_Init                             0x08000e49   Thumb Code    84  stm32f1xx_hal_dma.o(i.HAL_DMA_Init)
    HAL_DMA_Start_IT                         0x08000ea5   Thumb Code   112  stm32f1xx_hal_dma.o(i.HAL_DMA_Start_IT)
    HAL_Delay                                0x08000f15   Thumb Code    32  stm32f1xx_hal.o(i.HAL_Delay)
    HAL_GPIO_Init                            0x08000f39   Thumb Code   446  stm32f1xx_hal_gpio.o(i.HAL_GPIO_Init)
    HAL_GPIO_ReadPin                         0x08001119   Thumb Code    10  stm32f1xx_hal_gpio.o(i.HAL_GPIO_ReadPin)
    HAL_GPIO_TogglePin                       0x08001123   Thumb Code    14  stm32f1xx_hal_gpio.o(i.HAL_GPIO_TogglePin)
    HAL_GPIO_WritePin                        0x08001131   Thumb Code    10  stm32f1xx_hal_gpio.o(i.HAL_GPIO_WritePin)
    HAL_GetTick                              0x0800113d   Thumb Code     6  stm32f1xx_hal.o(i.HAL_GetTick)
    HAL_I2C_Init                             0x08001149   Thumb Code   356  stm32f1xx_hal_i2c.o(i.HAL_I2C_Init)
    HAL_I2C_MspInit                          0x080012bd   Thumb Code    96  i2c.o(i.HAL_I2C_MspInit)
    HAL_IncTick                              0x08001329   Thumb Code    12  stm32f1xx_hal.o(i.HAL_IncTick)
    HAL_Init                                 0x08001339   Thumb Code    32  stm32f1xx_hal.o(i.HAL_Init)
    HAL_InitTick                             0x0800135d   Thumb Code    54  stm32f1xx_hal.o(i.HAL_InitTick)
    HAL_MspInit                              0x0800139d   Thumb Code    52  stm32f1xx_hal_msp.o(i.HAL_MspInit)
    HAL_NVIC_EnableIRQ                       0x080013d9   Thumb Code    26  stm32f1xx_hal_cortex.o(i.HAL_NVIC_EnableIRQ)
    HAL_NVIC_SetPriority                     0x080013f5   Thumb Code    60  stm32f1xx_hal_cortex.o(i.HAL_NVIC_SetPriority)
    HAL_NVIC_SetPriorityGrouping             0x08001435   Thumb Code    26  stm32f1xx_hal_cortex.o(i.HAL_NVIC_SetPriorityGrouping)
    HAL_RCCEx_GetPeriphCLKFreq               0x08001459   Thumb Code   166  stm32f1xx_hal_rcc_ex.o(i.HAL_RCCEx_GetPeriphCLKFreq)
    HAL_RCCEx_PeriphCLKConfig                0x08001521   Thumb Code   224  stm32f1xx_hal_rcc_ex.o(i.HAL_RCCEx_PeriphCLKConfig)
    HAL_RCC_ClockConfig                      0x0800160d   Thumb Code   280  stm32f1xx_hal_rcc.o(i.HAL_RCC_ClockConfig)
    HAL_RCC_GetPCLK1Freq                     0x08001739   Thumb Code    20  stm32f1xx_hal_rcc.o(i.HAL_RCC_GetPCLK1Freq)
    HAL_RCC_GetPCLK2Freq                     0x08001759   Thumb Code    20  stm32f1xx_hal_rcc.o(i.HAL_RCC_GetPCLK2Freq)
    HAL_RCC_GetSysClockFreq                  0x08001779   Thumb Code    74  stm32f1xx_hal_rcc.o(i.HAL_RCC_GetSysClockFreq)
    HAL_RCC_OscConfig                        0x080017e5   Thumb Code   778  stm32f1xx_hal_rcc.o(i.HAL_RCC_OscConfig)
    HAL_SPI_Init                             0x08001b05   Thumb Code   124  stm32f1xx_hal_spi.o(i.HAL_SPI_Init)
    HAL_SPI_MspInit                          0x08001b81   Thumb Code   102  spi.o(i.HAL_SPI_MspInit)
    HAL_SPI_TransmitReceive                  0x08001bf5   Thumb Code   482  stm32f1xx_hal_spi.o(i.HAL_SPI_TransmitReceive)
    HAL_SYSTICK_Config                       0x08001dd7   Thumb Code    40  stm32f1xx_hal_cortex.o(i.HAL_SYSTICK_Config)
    HAL_TIMEx_ConfigBreakDeadTime            0x08001dff   Thumb Code    84  stm32f1xx_hal_tim_ex.o(i.HAL_TIMEx_ConfigBreakDeadTime)
    HAL_TIMEx_MasterConfigSynchronization    0x08001e53   Thumb Code    66  stm32f1xx_hal_tim_ex.o(i.HAL_TIMEx_MasterConfigSynchronization)
    HAL_TIM_Base_Init                        0x08001e95   Thumb Code    54  stm32f1xx_hal_tim.o(i.HAL_TIM_Base_Init)
    HAL_TIM_Base_MspInit                     0x08001ecd   Thumb Code   128  tim.o(i.HAL_TIM_Base_MspInit)
    HAL_TIM_ConfigClockSource                0x08001f61   Thumb Code   214  stm32f1xx_hal_tim.o(i.HAL_TIM_ConfigClockSource)
    HAL_TIM_ErrorCallback                    0x08002037   Thumb Code     2  stm32f1xx_hal_tim.o(i.HAL_TIM_ErrorCallback)
    HAL_TIM_MspPostInit                      0x08002039   Thumb Code    98  tim.o(i.HAL_TIM_MspPostInit)
    HAL_TIM_PWM_ConfigChannel                0x080020b1   Thumb Code   208  stm32f1xx_hal_tim.o(i.HAL_TIM_PWM_ConfigChannel)
    HAL_TIM_PWM_Init                         0x08002181   Thumb Code    54  stm32f1xx_hal_tim.o(i.HAL_TIM_PWM_Init)
    HAL_TIM_PWM_MspInit                      0x080021b7   Thumb Code     2  stm32f1xx_hal_tim.o(i.HAL_TIM_PWM_MspInit)
    HAL_TIM_PWM_PulseFinishedCallback        0x080021b9   Thumb Code     2  stm32f1xx_hal_tim.o(i.HAL_TIM_PWM_PulseFinishedCallback)
    HAL_TIM_PWM_PulseFinishedHalfCpltCallback 0x080021bb   Thumb Code     2  stm32f1xx_hal_tim.o(i.HAL_TIM_PWM_PulseFinishedHalfCpltCallback)
    HAL_TIM_PWM_Start                        0x080021bd   Thumb Code    52  stm32f1xx_hal_tim.o(i.HAL_TIM_PWM_Start)
    HAL_TIM_PWM_Start_DMA                    0x080021f5   Thumb Code   262  stm32f1xx_hal_tim.o(i.HAL_TIM_PWM_Start_DMA)
    HAL_TIM_PWM_Stop                         0x0800230d   Thumb Code    78  stm32f1xx_hal_tim.o(i.HAL_TIM_PWM_Stop)
    HardFault_Handler                        0x08002361   Thumb Code     2  stm32f1xx_it.o(i.HardFault_Handler)
    Initilaize                               0x08002365   Thumb Code    92  remote.o(i.Initilaize)
    MX_ADC1_Init                             0x080023e9   Thumb Code   134  adc.o(i.MX_ADC1_Init)
    MX_DMA_Init                              0x08002479   Thumb Code    40  dma.o(i.MX_DMA_Init)
    MX_GPIO_Init                             0x080024a5   Thumb Code   234  gpio.o(i.MX_GPIO_Init)
    MX_I2C1_Init                             0x080025a1   Thumb Code    50  i2c.o(i.MX_I2C1_Init)
    MX_SPI2_Init                             0x080025e1   Thumb Code    60  spi.o(i.MX_SPI2_Init)
    MX_TIM1_Init                             0x08002625   Thumb Code   188  tim.o(i.MX_TIM1_Init)
    MX_TIM2_Init                             0x080026e9   Thumb Code    94  tim.o(i.MX_TIM2_Init)
    MX_TIM4_Init                             0x0800274d   Thumb Code   148  tim.o(i.MX_TIM4_Init)
    MemManage_Handler                        0x080027e9   Thumb Code     2  stm32f1xx_it.o(i.MemManage_Handler)
    NMI_Handler                              0x080027eb   Thumb Code     2  stm32f1xx_it.o(i.NMI_Handler)
    NRF24L01_Check                           0x080027ed   Thumb Code   100  nrf24l01.o(i.NRF24L01_Check)
    NRF24L01_Get_Instance                    0x08002947   Thumb Code   208  nrf24l01.o(i.NRF24L01_Get_Instance)
    NRF24L01_Init                            0x08002a19   Thumb Code   154  nrf24l01.o(i.NRF24L01_Init)
    NRF24L01_Switch2_Rx                      0x08002ac5   Thumb Code   144  nrf24l01.o(i.NRF24L01_Switch2_Rx)
    NRF24L01_Switch2_Tx                      0x08002b55   Thumb Code   102  nrf24l01.o(i.NRF24L01_Switch2_Tx)
    NRF24L01_Transmit                        0x08002bbd   Thumb Code   248  nrf24l01.o(i.NRF24L01_Transmit)
    NRF_ReceiveACKCallback                   0x08002cb9   Thumb Code    38  main.o(i.NRF_ReceiveACKCallback)
    PendSV_Handler                           0x08002ce9   Thumb Code     2  stm32f1xx_it.o(i.PendSV_Handler)
    RGB                                      0x08002ceb   Thumb Code    10  ws2812.o(i.RGB)
    SVC_Handler                              0x08002dd3   Thumb Code     2  stm32f1xx_it.o(i.SVC_Handler)
    SysTick_Handler                          0x08002dd5   Thumb Code     4  stm32f1xx_it.o(i.SysTick_Handler)
    SystemClock_Config                       0x08002dd9   Thumb Code    96  main.o(i.SystemClock_Config)
    SystemInit                               0x08002e39   Thumb Code    56  system_stm32f1xx.o(i.SystemInit)
    TIM_Base_SetConfig                       0x08002e81   Thumb Code    94  stm32f1xx_hal_tim.o(i.TIM_Base_SetConfig)
    TIM_CCxChannelCmd                        0x08002eed   Thumb Code    26  stm32f1xx_hal_tim.o(i.TIM_CCxChannelCmd)
    TIM_DMADelayPulseCplt                    0x08002f07   Thumb Code    62  stm32f1xx_hal_tim.o(i.TIM_DMADelayPulseCplt)
    TIM_DMADelayPulseHalfCplt                0x08002f45   Thumb Code    62  stm32f1xx_hal_tim.o(i.TIM_DMADelayPulseHalfCplt)
    TIM_DMAError                             0x08002f83   Thumb Code    16  stm32f1xx_hal_tim.o(i.TIM_DMAError)
    TIM_ETR_SetConfig                        0x08002f93   Thumb Code    20  stm32f1xx_hal_tim.o(i.TIM_ETR_SetConfig)
    TIM_OC2_SetConfig                        0x08003009   Thumb Code    84  stm32f1xx_hal_tim.o(i.TIM_OC2_SetConfig)
    UsageFault_Handler                       0x08003143   Thumb Code     2  stm32f1xx_it.o(i.UsageFault_Handler)
    __ARM_fpclassifyf                        0x08003289   Thumb Code    38  fpclassifyf.o(i.__ARM_fpclassifyf)
    __mathlib_flt_divzero                    0x080032cf   Thumb Code    10  funder.o(i.__mathlib_flt_divzero)
    __mathlib_flt_infnan2                    0x080032d9   Thumb Code     4  funder.o(i.__mathlib_flt_infnan2)
    __mathlib_flt_invalid                    0x080032dd   Thumb Code     8  funder.o(i.__mathlib_flt_invalid)
    __mathlib_flt_overflow                   0x080032e5   Thumb Code    10  funder.o(i.__mathlib_flt_overflow)
    __mathlib_flt_underflow                  0x080032ef   Thumb Code    10  funder.o(i.__mathlib_flt_underflow)
    __scatterload_copy                       0x080032f9   Thumb Code    14  handlers.o(i.__scatterload_copy)
    __scatterload_null                       0x08003307   Thumb Code     2  handlers.o(i.__scatterload_null)
    __scatterload_zeroinit                   0x08003309   Thumb Code    14  handlers.o(i.__scatterload_zeroinit)
    __set_errno                              0x08003319   Thumb Code     6  errno.o(i.__set_errno)
    buzeer_cry                               0x08003325   Thumb Code    80  remote.o(i.buzeer_cry)
    buzzer_start                             0x0800337d   Thumb Code    54  remote.o(i.buzzer_start)
    buzzer_stop                              0x080033b9   Thumb Code    10  remote.o(i.buzzer_stop)
    free                                     0x080033c9   Thumb Code    76  malloc.o(i.free)
    getJoyStick                              0x08003419   Thumb Code   298  remote.o(i.getJoyStick)
    getKeyboard                              0x0800354d   Thumb Code   126  remote.o(i.getKeyboard)
    main                                     0x080035d1   Thumb Code   222  main.o(i.main)
    malloc                                   0x080036d1   Thumb Code    92  malloc.o(i.malloc)
    __mathlib_powf                           0x08003841   Thumb Code     0  powf.o(i.powf)
    powf                                     0x08003841   Thumb Code  1548  powf.o(i.powf)
    roundf                                   0x08003e99   Thumb Code   114  roundf.o(i.roundf)
    ws2811_all_off                           0x08003f0d   Thumb Code    40  ws2812.o(i.ws2811_all_off)
    ws2811_set_all                           0x08003f41   Thumb Code    98  ws2812.o(i.ws2811_set_all)
    ws2811_set_led_color                     0x08003fad   Thumb Code    88  ws2812.o(i.ws2811_set_led_color)
    AHBPrescTable                            0x08004010   Data          16  system_stm32f1xx.o(.constdata)
    APBPrescTable                            0x08004020   Data           8  system_stm32f1xx.o(.constdata)
    Region$$Table$$Base                      0x08004168   Number         0  anon$$obj.o(Region$$Table)
    Region$$Table$$Limit                     0x08004188   Number         0  anon$$obj.o(Region$$Table)
    hremote                                  0x20000030   Data         136  remote.o(.data)
    hws2812                                  0x20000100   Data          36  ws2812.o(.data)
    count1                                   0x20000124   Data           4  main.o(.data)
    count                                    0x20000128   Data           4  main.o(.data)
    SystemCoreClock                          0x2000012c   Data           4  system_stm32f1xx.o(.data)
    uwTickFreq                               0x20000130   Data           1  stm32f1xx_hal.o(.data)
    uwTickPrio                               0x20000134   Data           4  stm32f1xx_hal.o(.data)
    uwTick                                   0x20000138   Data           4  stm32f1xx_hal.o(.data)
    __microlib_freelist                      0x2000013c   Data           4  mvars.o(.data)
    __microlib_freelist_initialised          0x20000140   Data           4  mvars.o(.data)
    hnrf24l01                                0x20000148   Data         152  nrf24l01.o(.bss)
    ackbuf                                   0x200006a8   Data          32  main.o(.bss)
    hadc1                                    0x200006c8   Data          48  adc.o(.bss)
    hi2c1                                    0x200006f8   Data          84  i2c.o(.bss)
    hspi2                                    0x2000074c   Data          88  spi.o(.bss)
    htim1                                    0x200007a4   Data          64  tim.o(.bss)
    htim2                                    0x200007e4   Data          64  tim.o(.bss)
    htim4                                    0x20000824   Data          64  tim.o(.bss)
    hdma_tim1_ch2                            0x20000864   Data          68  tim.o(.bss)
    __heap_base                              0x200008a8   Data           0  startup_stm32f103xb.o(HEAP)
    __heap_limit                             0x20000aa8   Data           0  startup_stm32f103xb.o(HEAP)
    __initial_sp                             0x20000ea8   Data           0  startup_stm32f103xb.o(STACK)



==============================================================================

Memory Map of the image

  Image Entry point : 0x080000ed

  Load Region LR_IROM1 (Base: 0x08000000, Size: 0x000042d0, Max: 0x00010000, ABSOLUTE, COMPRESSED[0x000041e8])

    Execution Region ER_IROM1 (Exec base: 0x08000000, Load base: 0x08000000, Size: 0x00004188, Max: 0x00010000, ABSOLUTE)

    Exec Addr    Load Addr    Size         Type   Attr      Idx    E Section Name        Object

    0x08000000   0x08000000   0x000000ec   Data   RO            3    RESET               startup_stm32f103xb.o
    0x080000ec   0x080000ec   0x00000000   Code   RO         3851  * .ARM.Collect$$$$00000000  mc_w.l(entry.o)
    0x080000ec   0x080000ec   0x00000004   Code   RO         3924    .ARM.Collect$$$$00000001  mc_w.l(entry2.o)
    0x080000f0   0x080000f0   0x00000004   Code   RO         3927    .ARM.Collect$$$$00000004  mc_w.l(entry5.o)
    0x080000f4   0x080000f4   0x00000000   Code   RO         3929    .ARM.Collect$$$$00000008  mc_w.l(entry7b.o)
    0x080000f4   0x080000f4   0x00000000   Code   RO         3931    .ARM.Collect$$$$0000000A  mc_w.l(entry8b.o)
    0x080000f4   0x080000f4   0x00000008   Code   RO         3932    .ARM.Collect$$$$0000000B  mc_w.l(entry9a.o)
    0x080000fc   0x080000fc   0x00000000   Code   RO         3934    .ARM.Collect$$$$0000000D  mc_w.l(entry10a.o)
    0x080000fc   0x080000fc   0x00000000   Code   RO         3936    .ARM.Collect$$$$0000000F  mc_w.l(entry11a.o)
    0x080000fc   0x080000fc   0x00000004   Code   RO         3925    .ARM.Collect$$$$00002712  mc_w.l(entry2.o)
    0x08000100   0x08000100   0x00000024   Code   RO            4    .text               startup_stm32f103xb.o
    0x08000124   0x08000124   0x00000020   Code   RO         3854    .text               mc_w.l(llushr.o)
    0x08000144   0x08000144   0x00000024   Code   RO         3856    .text               mc_w.l(memcpya.o)
    0x08000168   0x08000168   0x00000024   Code   RO         3858    .text               mc_w.l(memseta.o)
    0x0800018c   0x0800018c   0x00000064   Code   RO         3890    .text               mf_w.l(fmul.o)
    0x080001f0   0x080001f0   0x0000007c   Code   RO         3892    .text               mf_w.l(fdiv.o)
    0x0800026c   0x0800026c   0x000000e4   Code   RO         3894    .text               mf_w.l(dmul.o)
    0x08000350   0x08000350   0x0000002e   Code   RO         3896    .text               mf_w.l(dscalb.o)
    0x0800037e   0x0800037e   0x00000012   Code   RO         3898    .text               mf_w.l(fflti.o)
    0x08000390   0x08000390   0x0000001a   Code   RO         3900    .text               mf_w.l(dfltui.o)
    0x080003aa   0x080003aa   0x00000032   Code   RO         3902    .text               mf_w.l(ffixi.o)
    0x080003dc   0x080003dc   0x00000028   Code   RO         3904    .text               mf_w.l(ffixui.o)
    0x08000404   0x08000404   0x00000038   Code   RO         3906    .text               mf_w.l(d2f.o)
    0x0800043c   0x0800043c   0x00000000   Code   RO         3947    .text               mc_w.l(iusefp.o)
    0x0800043c   0x0800043c   0x0000006e   Code   RO         3948    .text               mf_w.l(fepilogue.o)
    0x080004aa   0x080004aa   0x000000b0   Code   RO         3950    .text               mf_w.l(fadd.o)
    0x0800055a   0x0800055a   0x00000018   Code   RO         3952    .text               mf_w.l(fscalb.o)
    0x08000572   0x08000572   0x0000003c   Code   RO         3954    .text               mf_w.l(frnd.o)
    0x080005ae   0x080005ae   0x000000ba   Code   RO         3956    .text               mf_w.l(depilogue.o)
    0x08000668   0x08000668   0x0000004c   Code   RO         3958    .text               mf_w.l(ffixir.o)
    0x080006b4   0x080006b4   0x00000004   Code   RO         3960    .text               mf_w.l(fpstat.o)
    0x080006b8   0x080006b8   0x00000024   Code   RO         3962    .text               mc_w.l(init.o)
    0x080006dc   0x080006dc   0x0000001e   Code   RO         3964    .text               mc_w.l(llshl.o)
    0x080006fa   0x080006fa   0x00000056   Code   RO         3974    .text               mc_w.l(__dczerorl2.o)
    0x08000750   0x08000750   0x0000004c   Code   RO          919    i.ADC_ConversionStop_Disable  stm32f1xx_hal_adc.o
    0x0800079c   0x0800079c   0x00000070   Code   RO          923    i.ADC_Enable        stm32f1xx_hal_adc.o
    0x0800080c   0x0800080c   0x00000002   Code   RO          739    i.BusFault_Handler  stm32f1xx_it.o
    0x0800080e   0x0800080e   0x00000002   PAD
    0x08000810   0x08000810   0x0000000c   Code   RO          740    i.DMA1_Channel3_IRQHandler  stm32f1xx_it.o
    0x0800081c   0x0800081c   0x0000002a   Code   RO         1573    i.DMA_SetConfig     stm32f1xx_hal_dma.o
    0x08000846   0x08000846   0x0000000e   Code   RO          243    i.DataFresh         remote.o
    0x08000854   0x08000854   0x00000002   Code   RO          741    i.DebugMon_Handler  stm32f1xx_it.o
    0x08000856   0x08000856   0x00000002   Code   RO          411    i.Error_Handler     main.o
    0x08000858   0x08000858   0x000000fc   Code   RO          925    i.HAL_ADC_ConfigChannel  stm32f1xx_hal_adc.o
    0x08000954   0x08000954   0x00000006   Code   RO          932    i.HAL_ADC_GetValue  stm32f1xx_hal_adc.o
    0x0800095a   0x0800095a   0x00000002   PAD
    0x0800095c   0x0800095c   0x0000011c   Code   RO          934    i.HAL_ADC_Init      stm32f1xx_hal_adc.o
    0x08000a78   0x08000a78   0x00000058   Code   RO          503    i.HAL_ADC_MspInit   adc.o
    0x08000ad0   0x08000ad0   0x00000130   Code   RO          938    i.HAL_ADC_PollForConversion  stm32f1xx_hal_adc.o
    0x08000c00   0x08000c00   0x000000c0   Code   RO          940    i.HAL_ADC_Start     stm32f1xx_hal_adc.o
    0x08000cc0   0x08000cc0   0x00000034   Code   RO          943    i.HAL_ADC_Stop      stm32f1xx_hal_adc.o
    0x08000cf4   0x08000cf4   0x00000154   Code   RO         1579    i.HAL_DMA_IRQHandler  stm32f1xx_hal_dma.o
    0x08000e48   0x08000e48   0x0000005c   Code   RO         1580    i.HAL_DMA_Init      stm32f1xx_hal_dma.o
    0x08000ea4   0x08000ea4   0x00000070   Code   RO         1584    i.HAL_DMA_Start_IT  stm32f1xx_hal_dma.o
    0x08000f14   0x08000f14   0x00000024   Code   RO         1202    i.HAL_Delay         stm32f1xx_hal.o
    0x08000f38   0x08000f38   0x000001e0   Code   RO         1510    i.HAL_GPIO_Init     stm32f1xx_hal_gpio.o
    0x08001118   0x08001118   0x0000000a   Code   RO         1512    i.HAL_GPIO_ReadPin  stm32f1xx_hal_gpio.o
    0x08001122   0x08001122   0x0000000e   Code   RO         1513    i.HAL_GPIO_TogglePin  stm32f1xx_hal_gpio.o
    0x08001130   0x08001130   0x0000000a   Code   RO         1514    i.HAL_GPIO_WritePin  stm32f1xx_hal_gpio.o
    0x0800113a   0x0800113a   0x00000002   PAD
    0x0800113c   0x0800113c   0x0000000c   Code   RO         1206    i.HAL_GetTick       stm32f1xx_hal.o
    0x08001148   0x08001148   0x00000174   Code   RO         2181    i.HAL_I2C_Init      stm32f1xx_hal_i2c.o
    0x080012bc   0x080012bc   0x0000006c   Code   RO          569    i.HAL_I2C_MspInit   i2c.o
    0x08001328   0x08001328   0x00000010   Code   RO         1212    i.HAL_IncTick       stm32f1xx_hal.o
    0x08001338   0x08001338   0x00000024   Code   RO         1213    i.HAL_Init          stm32f1xx_hal.o
    0x0800135c   0x0800135c   0x00000040   Code   RO         1214    i.HAL_InitTick      stm32f1xx_hal.o
    0x0800139c   0x0800139c   0x0000003c   Code   RO          821    i.HAL_MspInit       stm32f1xx_hal_msp.o
    0x080013d8   0x080013d8   0x0000001a   Code   RO         1670    i.HAL_NVIC_EnableIRQ  stm32f1xx_hal_cortex.o
    0x080013f2   0x080013f2   0x00000002   PAD
    0x080013f4   0x080013f4   0x00000040   Code   RO         1676    i.HAL_NVIC_SetPriority  stm32f1xx_hal_cortex.o
    0x08001434   0x08001434   0x00000024   Code   RO         1677    i.HAL_NVIC_SetPriorityGrouping  stm32f1xx_hal_cortex.o
    0x08001458   0x08001458   0x000000c8   Code   RO         1472    i.HAL_RCCEx_GetPeriphCLKFreq  stm32f1xx_hal_rcc_ex.o
    0x08001520   0x08001520   0x000000ec   Code   RO         1473    i.HAL_RCCEx_PeriphCLKConfig  stm32f1xx_hal_rcc_ex.o
    0x0800160c   0x0800160c   0x0000012c   Code   RO         1370    i.HAL_RCC_ClockConfig  stm32f1xx_hal_rcc.o
    0x08001738   0x08001738   0x00000020   Code   RO         1377    i.HAL_RCC_GetPCLK1Freq  stm32f1xx_hal_rcc.o
    0x08001758   0x08001758   0x00000020   Code   RO         1378    i.HAL_RCC_GetPCLK2Freq  stm32f1xx_hal_rcc.o
    0x08001778   0x08001778   0x0000006c   Code   RO         1379    i.HAL_RCC_GetSysClockFreq  stm32f1xx_hal_rcc.o
    0x080017e4   0x080017e4   0x00000320   Code   RO         1382    i.HAL_RCC_OscConfig  stm32f1xx_hal_rcc.o
    0x08001b04   0x08001b04   0x0000007c   Code   RO         2603    i.HAL_SPI_Init      stm32f1xx_hal_spi.o
    0x08001b80   0x08001b80   0x00000074   Code   RO          611    i.HAL_SPI_MspInit   spi.o
    0x08001bf4   0x08001bf4   0x000001e2   Code   RO         2612    i.HAL_SPI_TransmitReceive  stm32f1xx_hal_spi.o
    0x08001dd6   0x08001dd6   0x00000028   Code   RO         1681    i.HAL_SYSTICK_Config  stm32f1xx_hal_cortex.o
    0x08001dfe   0x08001dfe   0x00000054   Code   RO         3594    i.HAL_TIMEx_ConfigBreakDeadTime  stm32f1xx_hal_tim_ex.o
    0x08001e52   0x08001e52   0x00000042   Code   RO         3609    i.HAL_TIMEx_MasterConfigSynchronization  stm32f1xx_hal_tim_ex.o
    0x08001e94   0x08001e94   0x00000036   Code   RO         2916    i.HAL_TIM_Base_Init  stm32f1xx_hal_tim.o
    0x08001eca   0x08001eca   0x00000002   PAD
    0x08001ecc   0x08001ecc   0x00000094   Code   RO          680    i.HAL_TIM_Base_MspInit  tim.o
    0x08001f60   0x08001f60   0x000000d6   Code   RO         2925    i.HAL_TIM_ConfigClockSource  stm32f1xx_hal_tim.o
    0x08002036   0x08002036   0x00000002   Code   RO         2943    i.HAL_TIM_ErrorCallback  stm32f1xx_hal_tim.o
    0x08002038   0x08002038   0x00000078   Code   RO          681    i.HAL_TIM_MspPostInit  tim.o
    0x080020b0   0x080020b0   0x000000d0   Code   RO         2983    i.HAL_TIM_PWM_ConfigChannel  stm32f1xx_hal_tim.o
    0x08002180   0x08002180   0x00000036   Code   RO         2986    i.HAL_TIM_PWM_Init  stm32f1xx_hal_tim.o
    0x080021b6   0x080021b6   0x00000002   Code   RO         2988    i.HAL_TIM_PWM_MspInit  stm32f1xx_hal_tim.o
    0x080021b8   0x080021b8   0x00000002   Code   RO         2989    i.HAL_TIM_PWM_PulseFinishedCallback  stm32f1xx_hal_tim.o
    0x080021ba   0x080021ba   0x00000002   Code   RO         2990    i.HAL_TIM_PWM_PulseFinishedHalfCpltCallback  stm32f1xx_hal_tim.o
    0x080021bc   0x080021bc   0x00000038   Code   RO         2991    i.HAL_TIM_PWM_Start  stm32f1xx_hal_tim.o
    0x080021f4   0x080021f4   0x00000118   Code   RO         2992    i.HAL_TIM_PWM_Start_DMA  stm32f1xx_hal_tim.o
    0x0800230c   0x0800230c   0x00000054   Code   RO         2994    i.HAL_TIM_PWM_Stop  stm32f1xx_hal_tim.o
    0x08002360   0x08002360   0x00000002   Code   RO          742    i.HardFault_Handler  stm32f1xx_it.o
    0x08002362   0x08002362   0x00000002   PAD
    0x08002364   0x08002364   0x00000084   Code   RO          244    i.Initilaize        remote.o
    0x080023e8   0x080023e8   0x00000090   Code   RO          504    i.MX_ADC1_Init      adc.o
    0x08002478   0x08002478   0x0000002c   Code   RO          544    i.MX_DMA_Init       dma.o
    0x080024a4   0x080024a4   0x000000fc   Code   RO          478    i.MX_GPIO_Init      gpio.o
    0x080025a0   0x080025a0   0x00000040   Code   RO          570    i.MX_I2C1_Init      i2c.o
    0x080025e0   0x080025e0   0x00000044   Code   RO          612    i.MX_SPI2_Init      spi.o
    0x08002624   0x08002624   0x000000c4   Code   RO          682    i.MX_TIM1_Init      tim.o
    0x080026e8   0x080026e8   0x00000064   Code   RO          683    i.MX_TIM2_Init      tim.o
    0x0800274c   0x0800274c   0x0000009c   Code   RO          684    i.MX_TIM4_Init      tim.o
    0x080027e8   0x080027e8   0x00000002   Code   RO          743    i.MemManage_Handler  stm32f1xx_it.o
    0x080027ea   0x080027ea   0x00000002   Code   RO          744    i.NMI_Handler       stm32f1xx_it.o
    0x080027ec   0x080027ec   0x00000064   Code   RO           13    i.NRF24L01_Check    nrf24l01.o
    0x08002850   0x08002850   0x000000f6   Code   RO           14    i.NRF24L01_Config   nrf24l01.o
    0x08002946   0x08002946   0x000000d0   Code   RO           15    i.NRF24L01_Get_Instance  nrf24l01.o
    0x08002a16   0x08002a16   0x00000002   PAD
    0x08002a18   0x08002a18   0x000000ac   Code   RO           16    i.NRF24L01_Init     nrf24l01.o
    0x08002ac4   0x08002ac4   0x00000090   Code   RO           19    i.NRF24L01_Switch2_Rx  nrf24l01.o
    0x08002b54   0x08002b54   0x00000066   Code   RO           20    i.NRF24L01_Switch2_Tx  nrf24l01.o
    0x08002bba   0x08002bba   0x00000002   PAD
    0x08002bbc   0x08002bbc   0x000000fc   Code   RO           21    i.NRF24L01_Transmit  nrf24l01.o
    0x08002cb8   0x08002cb8   0x00000030   Code   RO          412    i.NRF_ReceiveACKCallback  main.o
    0x08002ce8   0x08002ce8   0x00000002   Code   RO          745    i.PendSV_Handler    stm32f1xx_it.o
    0x08002cea   0x08002cea   0x0000000a   Code   RO          328    i.RGB               ws2812.o
    0x08002cf4   0x08002cf4   0x00000020   Code   RO         2641    i.SPI_EndRxTxTransaction  stm32f1xx_hal_spi.o
    0x08002d14   0x08002d14   0x0000002a   Code   RO           26    i.SPI_ReadWriteByte  nrf24l01.o
    0x08002d3e   0x08002d3e   0x00000094   Code   RO         2646    i.SPI_WaitFlagStateUntilTimeout  stm32f1xx_hal_spi.o
    0x08002dd2   0x08002dd2   0x00000002   Code   RO          746    i.SVC_Handler       stm32f1xx_it.o
    0x08002dd4   0x08002dd4   0x00000004   Code   RO          747    i.SysTick_Handler   stm32f1xx_it.o
    0x08002dd8   0x08002dd8   0x00000060   Code   RO          413    i.SystemClock_Config  main.o
    0x08002e38   0x08002e38   0x00000048   Code   RO          846    i.SystemInit        system_stm32f1xx.o
    0x08002e80   0x08002e80   0x0000006c   Code   RO         3004    i.TIM_Base_SetConfig  stm32f1xx_hal_tim.o
    0x08002eec   0x08002eec   0x0000001a   Code   RO         3005    i.TIM_CCxChannelCmd  stm32f1xx_hal_tim.o
    0x08002f06   0x08002f06   0x0000003e   Code   RO         3008    i.TIM_DMADelayPulseCplt  stm32f1xx_hal_tim.o
    0x08002f44   0x08002f44   0x0000003e   Code   RO         3009    i.TIM_DMADelayPulseHalfCplt  stm32f1xx_hal_tim.o
    0x08002f82   0x08002f82   0x00000010   Code   RO         3010    i.TIM_DMAError      stm32f1xx_hal_tim.o
    0x08002f92   0x08002f92   0x00000014   Code   RO         3015    i.TIM_ETR_SetConfig  stm32f1xx_hal_tim.o
    0x08002fa6   0x08002fa6   0x00000010   Code   RO         3016    i.TIM_ITRx_SetConfig  stm32f1xx_hal_tim.o
    0x08002fb6   0x08002fb6   0x00000002   PAD
    0x08002fb8   0x08002fb8   0x00000050   Code   RO         3017    i.TIM_OC1_SetConfig  stm32f1xx_hal_tim.o
    0x08003008   0x08003008   0x00000058   Code   RO         3018    i.TIM_OC2_SetConfig  stm32f1xx_hal_tim.o
    0x08003060   0x08003060   0x00000058   Code   RO         3019    i.TIM_OC3_SetConfig  stm32f1xx_hal_tim.o
    0x080030b8   0x080030b8   0x00000044   Code   RO         3020    i.TIM_OC4_SetConfig  stm32f1xx_hal_tim.o
    0x080030fc   0x080030fc   0x00000022   Code   RO         3022    i.TIM_TI1_ConfigInputStage  stm32f1xx_hal_tim.o
    0x0800311e   0x0800311e   0x00000024   Code   RO         3024    i.TIM_TI2_ConfigInputStage  stm32f1xx_hal_tim.o
    0x08003142   0x08003142   0x00000002   Code   RO          748    i.UsageFault_Handler  stm32f1xx_it.o
    0x08003144   0x08003144   0x0000012c   Code   RO          329    i.WS2812_INIT       ws2812.o
    0x08003270   0x08003270   0x00000018   Code   RO          330    i.WS2812_START_BY_PWM_DMA  ws2812.o
    0x08003288   0x08003288   0x00000026   Code   RO         3908    i.__ARM_fpclassifyf  m_ws.l(fpclassifyf.o)
    0x080032ae   0x080032ae   0x00000020   Code   RO         1683    i.__NVIC_SetPriority  stm32f1xx_hal_cortex.o
    0x080032ce   0x080032ce   0x0000000a   Code   RO         3910    i.__mathlib_flt_divzero  m_ws.l(funder.o)
    0x080032d8   0x080032d8   0x00000004   Code   RO         3912    i.__mathlib_flt_infnan2  m_ws.l(funder.o)
    0x080032dc   0x080032dc   0x00000008   Code   RO         3913    i.__mathlib_flt_invalid  m_ws.l(funder.o)
    0x080032e4   0x080032e4   0x0000000a   Code   RO         3914    i.__mathlib_flt_overflow  m_ws.l(funder.o)
    0x080032ee   0x080032ee   0x0000000a   Code   RO         3916    i.__mathlib_flt_underflow  m_ws.l(funder.o)
    0x080032f8   0x080032f8   0x0000000e   Code   RO         3968    i.__scatterload_copy  mc_w.l(handlers.o)
    0x08003306   0x08003306   0x00000002   Code   RO         3969    i.__scatterload_null  mc_w.l(handlers.o)
    0x08003308   0x08003308   0x0000000e   Code   RO         3970    i.__scatterload_zeroinit  mc_w.l(handlers.o)
    0x08003316   0x08003316   0x00000002   PAD
    0x08003318   0x08003318   0x0000000c   Code   RO         3942    i.__set_errno       mc_w.l(errno.o)
    0x08003324   0x08003324   0x00000058   Code   RO          245    i.buzeer_cry        remote.o
    0x0800337c   0x0800337c   0x0000003c   Code   RO          246    i.buzzer_start      remote.o
    0x080033b8   0x080033b8   0x00000010   Code   RO          247    i.buzzer_stop       remote.o
    0x080033c8   0x080033c8   0x00000050   Code   RO         3862    i.free              mc_w.l(malloc.o)
    0x08003418   0x08003418   0x00000134   Code   RO          248    i.getJoyStick       remote.o
    0x0800354c   0x0800354c   0x00000084   Code   RO          249    i.getKeyboard       remote.o
    0x080035d0   0x080035d0   0x00000100   Code   RO          414    i.main              main.o
    0x080036d0   0x080036d0   0x0000006c   Code   RO         3863    i.malloc            mc_w.l(malloc.o)
    0x0800373c   0x0800373c   0x0000004a   Code   RO           27    i.nrf24l01_read_buf  nrf24l01.o
    0x08003786   0x08003786   0x00000038   Code   RO           28    i.nrf24l01_read_reg  nrf24l01.o
    0x080037be   0x080037be   0x00000002   PAD
    0x080037c0   0x080037c0   0x0000004a   Code   RO           29    i.nrf24l01_write_buf  nrf24l01.o
    0x0800380a   0x0800380a   0x00000036   Code   RO           30    i.nrf24l01_write_reg  nrf24l01.o
    0x08003840   0x08003840   0x00000620   Code   RO         3840    i.powf              m_ws.l(powf.o)
    0x08003e60   0x08003e60   0x00000038   Code   RO          331    i.rgb_to_local      ws2812.o
    0x08003e98   0x08003e98   0x00000072   Code   RO         3849    i.roundf            m_ws.l(roundf.o)
    0x08003f0a   0x08003f0a   0x00000002   PAD
    0x08003f0c   0x08003f0c   0x00000034   Code   RO          332    i.ws2811_all_off    ws2812.o
    0x08003f40   0x08003f40   0x0000006c   Code   RO          335    i.ws2811_set_all    ws2812.o
    0x08003fac   0x08003fac   0x00000064   Code   RO          336    i.ws2811_set_led_color  ws2812.o
    0x08004010   0x08004010   0x00000010   Data   RO          847    .constdata          system_stm32f1xx.o
    0x08004020   0x08004020   0x00000008   Data   RO          848    .constdata          system_stm32f1xx.o
    0x08004028   0x08004028   0x00000140   Data   RO         3841    .constdata          m_ws.l(powf.o)
    0x08004168   0x08004168   0x00000020   Data   RO         3966    Region$$Table       anon$$obj.o


    Execution Region RW_IRAM1 (Exec base: 0x20000000, Load base: 0x08004188, Size: 0x00000ea8, Max: 0x00005000, ABSOLUTE, COMPRESSED[0x00000060])

    Exec Addr    Load Addr    Size         Type   Attr      Idx    E Section Name        Object

    0x20000000   COMPRESSED   0x00000029   Data   RW           34    .data               nrf24l01.o
    0x20000029   COMPRESSED   0x00000003   PAD
    0x2000002c   COMPRESSED   0x000000cc   Data   RW          251    .data               remote.o
    0x200000f8   COMPRESSED   0x0000002c   Data   RW          338    .data               ws2812.o
    0x20000124   COMPRESSED   0x00000008   Data   RW          419    .data               main.o
    0x2000012c   COMPRESSED   0x00000004   Data   RW          849    .data               system_stm32f1xx.o
    0x20000130   COMPRESSED   0x0000000c   Data   RW         1220    .data               stm32f1xx_hal.o
    0x2000013c   COMPRESSED   0x00000004   Data   RW         3938    .data               mc_w.l(mvars.o)
    0x20000140   COMPRESSED   0x00000004   Data   RW         3939    .data               mc_w.l(mvars.o)
    0x20000144   COMPRESSED   0x00000004   Data   RW         3943    .data               mc_w.l(errno.o)
    0x20000148        -       0x00000098   Zero   RW           31    .bss                nrf24l01.o
    0x200001e0        -       0x000000a0   Zero   RW          250    .bss                remote.o
    0x20000280        -       0x00000428   Zero   RW          337    .bss                ws2812.o
    0x200006a8        -       0x00000020   Zero   RW          417    .bss                main.o
    0x200006c8        -       0x00000030   Zero   RW          505    .bss                adc.o
    0x200006f8        -       0x00000054   Zero   RW          571    .bss                i2c.o
    0x2000074c        -       0x00000058   Zero   RW          613    .bss                spi.o
    0x200007a4        -       0x00000104   Zero   RW          685    .bss                tim.o
    0x200008a8        -       0x00000200   Zero   RW            2    HEAP                startup_stm32f103xb.o
    0x20000aa8        -       0x00000400   Zero   RW            1    STACK               startup_stm32f103xb.o


==============================================================================

Image component sizes


      Code (inc. data)   RO Data    RW Data    ZI Data      Debug   Object Name

       232         22          0          0         48       1781   adc.o
        44          4          0          0          0        858   dma.o
       252         18          0          0          0       1099   gpio.o
       172         26          0          0         84       1749   i2c.o
       402         44          0          8         32      17316   main.o
      1524         22          0         41        152     462982   nrf24l01.o
       750         76          0        204        160       5593   remote.o
       184         22          0          0         88       1737   spi.o
        36          8        236          0       1536        784   startup_stm32f103xb.o
       164         28          0         12          0       6013   stm32f1xx_hal.o
      1278         54          0          0          0       7331   stm32f1xx_hal_adc.o
       198         14          0          0          0      28947   stm32f1xx_hal_cortex.o
       586         32          0          0          0       3715   stm32f1xx_hal_dma.o
       514         34          0          0          0       4240   stm32f1xx_hal_gpio.o
       372         16          0          0          0       3043   stm32f1xx_hal_i2c.o
        60          8          0          0          0        966   stm32f1xx_hal_msp.o
      1272        100          0          0          0       5312   stm32f1xx_hal_rcc.o
       436         46          0          0          0       2653   stm32f1xx_hal_rcc_ex.o
       786          0          0          0          0       4645   stm32f1xx_hal_spi.o
      1662         62          0          0          0      17366   stm32f1xx_hal_tim.o
       150          0          0          0          0       2216   stm32f1xx_hal_tim_ex.o
        32          6          0          0          0       4233   stm32f1xx_it.o
        72         16         24          4          0       1279   system_stm32f1xx.o
       720         64          0          0        260       3996   tim.o
       650         90          0         44       1064       6001   ws2812.o

    ----------------------------------------------------------------------
     12568        812        292        316       3424     595855   Object Totals
         0          0         32          0          0          0   (incl. Generated)
        20          0          0          3          0          0   (incl. Padding)

    ----------------------------------------------------------------------

      Code (inc. data)   RO Data    RW Data    ZI Data      Debug   Library Member Name

        38          0          0          0          0         68   fpclassifyf.o
        42          0          0          0          0        340   funder.o
      1568         80        320          0          0        224   powf.o
       114          0          0          0          0         80   roundf.o
        86          0          0          0          0          0   __dczerorl2.o
         0          0          0          0          0          0   entry.o
         0          0          0          0          0          0   entry10a.o
         0          0          0          0          0          0   entry11a.o
         8          4          0          0          0          0   entry2.o
         4          0          0          0          0          0   entry5.o
         0          0          0          0          0          0   entry7b.o
         0          0          0          0          0          0   entry8b.o
         8          4          0          0          0          0   entry9a.o
        12          6          0          4          0         68   errno.o
        30          0          0          0          0          0   handlers.o
        36          8          0          0          0         68   init.o
         0          0          0          0          0          0   iusefp.o
        30          0          0          0          0         68   llshl.o
        32          0          0          0          0         68   llushr.o
       188         20          0          0          0        160   malloc.o
        36          0          0          0          0         68   memcpya.o
        36          0          0          0          0        108   memseta.o
         0          0          0          8          0          0   mvars.o
        56          0          0          0          0         88   d2f.o
       186          0          0          0          0        176   depilogue.o
        26          0          0          0          0         76   dfltui.o
       228          0          0          0          0         96   dmul.o
        46          0          0          0          0         80   dscalb.o
       176          0          0          0          0        140   fadd.o
       124          0          0          0          0         88   fdiv.o
       110          0          0          0          0        168   fepilogue.o
        50          0          0          0          0         68   ffixi.o
        76          0          0          0          0         76   ffixir.o
        40          0          0          0          0         68   ffixui.o
        18          0          0          0          0         68   fflti.o
       100          0          0          0          0         76   fmul.o
         4          0          0          0          0         68   fpstat.o
        60          0          0          0          0         76   frnd.o
        24          0          0          0          0         68   fscalb.o

    ----------------------------------------------------------------------
      3596        122        320         12          0       2800   Library Totals
         4          0          0          0          0          0   (incl. Padding)

    ----------------------------------------------------------------------

      Code (inc. data)   RO Data    RW Data    ZI Data      Debug   Library Name

      1762         80        320          0          0        712   m_ws.l
       506         42          0         12          0        608   mc_w.l
      1324          0          0          0          0       1480   mf_w.l

    ----------------------------------------------------------------------
      3596        122        320         12          0       2800   Library Totals

    ----------------------------------------------------------------------

==============================================================================


      Code (inc. data)   RO Data    RW Data    ZI Data      Debug   

     16164        934        612        328       3424     591347   Grand Totals
     16164        934        612         96       3424     591347   ELF Image Totals (compressed)
     16164        934        612         96          0          0   ROM Totals

==============================================================================

    Total RO  Size (Code + RO Data)                16776 (  16.38kB)
    Total RW  Size (RW Data + ZI Data)              3752 (   3.66kB)
    Total ROM Size (Code + RO Data + RW Data)      16872 (  16.48kB)

==============================================================================

